---
source: fortitude/src/rules/precision/mod.rs
expression: diagnostics
snapshot_kind: text
---
./resources/test/fixtures/precision/P011.f90:1:1: P011 prefer 'real(real64)' to 'double precision' (see 'iso_fortran_env')
  |
1 | double precision function double(x)
  | ^^^^^^^^^^^^^^^^ P011
2 |   double precision, intent(in) :: x
3 |   double = 2 * x
  |

./resources/test/fixtures/precision/P011.f90:2:3: P011 prefer 'real(real64)' to 'double precision' (see 'iso_fortran_env')
  |
1 | double precision function double(x)
2 |   double precision, intent(in) :: x
  |   ^^^^^^^^^^^^^^^^ P011
3 |   double = 2 * x
4 | end function double
  |

./resources/test/fixtures/precision/P011.f90:7:3: P011 prefer 'real(real64)' to 'double precision' (see 'iso_fortran_env')
  |
6 | subroutine triple(x)
7 |   double precision, intent(inout) :: x
  |   ^^^^^^^^^^^^^^^^ P011
8 |   x = 3 * x
9 | end subroutine triple
  |

./resources/test/fixtures/precision/P011.f90:12:3: P011 prefer 'real(real64)' to 'double precision' (see 'iso_fortran_env')
   |
11 | function complex_mul(x, y)
12 |   double precision, intent(in) :: x
   |   ^^^^^^^^^^^^^^^^ P011
13 |   double complex, intent(in) :: y
14 |   double complex :: complex_mul
   |

./resources/test/fixtures/precision/P011.f90:13:3: P011 prefer 'complex(real64)' to 'double complex' (see 'iso_fortran_env')
   |
11 | function complex_mul(x, y)
12 |   double precision, intent(in) :: x
13 |   double complex, intent(in) :: y
   |   ^^^^^^^^^^^^^^ P011
14 |   double complex :: complex_mul
15 |   complex_mul = x * y
   |

./resources/test/fixtures/precision/P011.f90:14:3: P011 prefer 'complex(real64)' to 'double complex' (see 'iso_fortran_env')
   |
12 |   double precision, intent(in) :: x
13 |   double complex, intent(in) :: y
14 |   double complex :: complex_mul
   |   ^^^^^^^^^^^^^^ P011
15 |   complex_mul = x * y
16 | end function complex_mul
   |
