---
source: fortitude/src/rules/style/mod.rs
expression: diagnostics
snapshot_kind: text
---
./resources/test/fixtures/style/S242.f90:4:11: S242 [*] Change outer quotes to avoid escaping inner quotes
  |
2 |   implicit none (type, external)
3 |
4 |   print*, 'This isn''t necessary'
  |           ^^^^^^^^^^^^^^^^^^^^^^^ S242
5 |   print*, "This ""is not"" necessary"
6 |   print*, 'This "isn''t" unnecessary'
  |
  = help: Change outer quotes to avoid escaping inner quotes

ℹ Safe fix
1 1 | program test
2 2 |   implicit none (type, external)
3 3 | 
4   |-  print*, 'This isn''t necessary'
  4 |+  print*, "This isn't necessary"
5 5 |   print*, "This ""is not"" necessary"
6 6 |   print*, 'This "isn''t" unnecessary'
7 7 |   print*, "This ""isn't"" unnecessary"

./resources/test/fixtures/style/S242.f90:5:11: S242 [*] Change outer quotes to avoid escaping inner quotes
  |
4 |   print*, 'This isn''t necessary'
5 |   print*, "This ""is not"" necessary"
  |           ^^^^^^^^^^^^^^^^^^^^^^^^^^^ S242
6 |   print*, 'This "isn''t" unnecessary'
7 |   print*, "This ""isn't"" unnecessary"
  |
  = help: Change outer quotes to avoid escaping inner quotes

ℹ Safe fix
2 2 |   implicit none (type, external)
3 3 | 
4 4 |   print*, 'This isn''t necessary'
5   |-  print*, "This ""is not"" necessary"
  5 |+  print*, 'This "is not" necessary'
6 6 |   print*, 'This "isn''t" unnecessary'
7 7 |   print*, "This ""isn't"" unnecessary"
8 8 |   print*, 4_"Does this ""break""?"

./resources/test/fixtures/style/S242.f90:8:13: S242 [*] Change outer quotes to avoid escaping inner quotes
  |
6 |   print*, 'This "isn''t" unnecessary'
7 |   print*, "This ""isn't"" unnecessary"
8 |   print*, 4_"Does this ""break""?"
  |             ^^^^^^^^^^^^^^^^^^^^^^ S242
9 | end program test
  |
  = help: Change outer quotes to avoid escaping inner quotes

ℹ Safe fix
5 5 |   print*, "This ""is not"" necessary"
6 6 |   print*, 'This "isn''t" unnecessary'
7 7 |   print*, "This ""isn't"" unnecessary"
8   |-  print*, 4_"Does this ""break""?"
  8 |+  print*, 4_'Does this "break"?'
9 9 | end program test
