---
source: fortitude/src/rules/style/mod.rs
expression: diagnostics
---
./resources/test/fixtures/style/S103.f90:3:17: S103 [*] need at least 1 space before and after `::`
  |
1 | module mymod
2 |   implicit none
3 |   use, intrinsic:: iso_fortran_env, only:int64, real64 ! This should add a space before the double colon and not change the single colon
  |                 ^^ S103
4 |   private
5 |   integer ::i ! This should add a space after the double colon
  |
  = help: add extra whitespace

ℹ Safe fix
1 1 | module mymod
2 2 |   implicit none
3   |-  use, intrinsic:: iso_fortran_env, only:int64, real64 ! This should add a space before the double colon and not change the single colon
  3 |+  use, intrinsic :: iso_fortran_env, only:int64, real64 ! This should add a space before the double colon and not change the single colon
4 4 |   private
5 5 |   integer ::i ! This should add a space after the double colon
6 6 |   integer :: j ! ::in comments should be unchanged

./resources/test/fixtures/style/S103.f90:5:11: S103 [*] need at least 1 space before and after `::`
  |
3 |   use, intrinsic:: iso_fortran_env, only:int64, real64 ! This should add a space before the double colon and not change the single colon
4 |   private
5 |   integer ::i ! This should add a space after the double colon
  |           ^^ S103
6 |   integer :: j ! ::in comments should be unchanged
7 |   integer :: k ! This should be unchanged
  |
  = help: add extra whitespace

ℹ Safe fix
2 2 |   implicit none
3 3 |   use, intrinsic:: iso_fortran_env, only:int64, real64 ! This should add a space before the double colon and not change the single colon
4 4 |   private
5   |-  integer ::i ! This should add a space after the double colon
  5 |+  integer :: i ! This should add a space after the double colon
6 6 |   integer :: j ! ::in comments should be unchanged
7 7 |   integer :: k ! This should be unchanged
8 8 |

./resources/test/fixtures/style/S103.f90:9:12: S103 [*] need at least 1 space before and after `::`
   |
 7 |   integer :: k ! This should be unchanged
 8 |
 9 |   character::x, y, z! This should add spaces before and after the double colon
   |            ^^ S103
10 |
11 |   allocate(character(10) :: x) ! This should be unchanged
   |
   = help: add extra whitespace

ℹ Safe fix
6  6  |   integer :: j ! ::in comments should be unchanged
7  7  |   integer :: k ! This should be unchanged
8  8  |
9     |-  character::x, y, z! This should add spaces before and after the double colon
   9  |+  character :: x, y, z! This should add spaces before and after the double colon
10 10 |
11 11 |   allocate(character(10) :: x) ! This should be unchanged
12 12 |   allocate(character(10):: y) ! This should add a space before the double colon

./resources/test/fixtures/style/S103.f90:12:25: S103 [*] need at least 1 space before and after `::`
   |
10 |
11 |   allocate(character(10) :: x) ! This should be unchanged
12 |   allocate(character(10):: y) ! This should add a space before the double colon
   |                         ^^ S103
13 |   allocate(character(10) ::z) ! This should add a space after the double colon
14 |
   |
   = help: add extra whitespace

ℹ Safe fix
9  9  |   character::x, y, z! This should add spaces before and after the double colon
10 10 |
11 11 |   allocate(character(10) :: x) ! This should be unchanged
12    |-  allocate(character(10):: y) ! This should add a space before the double colon
   12 |+  allocate(character(10) :: y) ! This should add a space before the double colon
13 13 |   allocate(character(10) ::z) ! This should add a space after the double colon
14 14 |
15 15 | end module mymod

./resources/test/fixtures/style/S103.f90:13:28: S103 [*] need at least 1 space before and after `::`
   |
11 |   allocate(character(10) :: x) ! This should be unchanged
12 |   allocate(character(10):: y) ! This should add a space before the double colon
13 |   allocate(character(10) ::z) ! This should add a space after the double colon
   |                          ^^ S103
14 |
15 | end module mymod
   = help: add extra whitespace

ℹ Safe fix
10 10 |
11 11 |   allocate(character(10) :: x) ! This should be unchanged
12 12 |   allocate(character(10):: y) ! This should add a space before the double colon
13    |-  allocate(character(10) ::z) ! This should add a space after the double colon
   13 |+  allocate(character(10) :: z) ! This should add a space after the double colon
14 14 |
15 15 | end module mymod
16 16 |
