---
source: fortitude/src/rules/typing/mod.rs
expression: diagnostics
snapshot_kind: text
---
./resources/test/fixtures/typing/T042.f90:3:14: T042 character 'autochar_glob' has assumed size but does not have `intent(in)`
  |
1 | program cases
2 |   ! A char array outside a function or subroutine, no exception
3 |   character (*) :: autochar_glob
  |              ^ T042
4 | contains
5 |   subroutine char_input(autochar_in, autochar_inout, autochar_out, fixedchar)
  |

./resources/test/fixtures/typing/T042.f90:9:15: T042 character 'autochar_inout' has assumed size but does not have `intent(in)`
   |
 7 |     character(*), intent(in)       :: autochar_in
 8 |     ! A char array with disallowed intent, exception
 9 |     character(*), intent(inout)    :: autochar_inout
   |               ^ T042
10 |     ! A char array with disallowed intent, exception
11 |     character(len=*), intent(out)  :: autochar_out
   |

./resources/test/fixtures/typing/T042.f90:11:19: T042 character 'autochar_out' has assumed size but does not have `intent(in)`
   |
 9 |     character(*), intent(inout)    :: autochar_inout
10 |     ! A char array with disallowed intent, exception
11 |     character(len=*), intent(out)  :: autochar_out
   |                   ^ T042
12 |     ! A char array not passed as a parameter, no exception
13 |     character(*)                   :: autochar_var
   |

./resources/test/fixtures/typing/T042.f90:13:15: T042 character 'autochar_var' has assumed size but does not have `intent(in)`
   |
11 |     character(len=*), intent(out)  :: autochar_out
12 |     ! A char array not passed as a parameter, no exception
13 |     character(*)                   :: autochar_var
   |               ^ T042
14 |     ! A char array with fixed length, no exception
15 |     character(len=10), intent(out) :: fixedchar
   |
