---
source: fortitude/src/rules/correctness/mod.rs
expression: diagnostics
snapshot_kind: text
---
./resources/test/fixtures/correctness/C181.f90:14:20: C181 stat argument 'status' is overwritten before being checked in this scope.
   |
12 |   ! Set stat, but don't check it until after another allocate.
13 |   ! Should raise an error.
14 |   allocate (x(10), stat=status)
   |                    ^^^^^^^^^^^ C181
15 |
16 |   ! Set same stat and check it.
   |

./resources/test/fixtures/correctness/C181.f90:29:20: C181 stat argument 'status' is overwritten before being checked in this scope.
   |
28 |   ! Repeat, but the second allocate is not a direct sibling
29 |   allocate (x(10), stat=status)
   |                    ^^^^^^^^^^^ C181
30 |   if (.true.) then
31 |     allocate (y(10), stat=status)
   |

./resources/test/fixtures/correctness/C181.f90:59:20: C181 stat argument 'status_x' is overwritten before being checked in this scope.
   |
58 |   ! Repeat, but using a custom error handler
59 |   allocate (x(10), stat=status_x)
   |                    ^^^^^^^^^^^^^ C181
60 |   if (.true.) then
61 |     allocate (y(10), stat=status_y)
   |

./resources/test/fixtures/correctness/C181.f90:103:22: C181 stat argument 'status_x' is not checked in this scope.
    |
101 |   ! Stat is not checked in any cases. Should raise for all four.
102 |   if(if_option == 1) then
103 |     allocate (x(10), stat=status_x)
    |                      ^^^^^^^^^^^^^ C181
104 |   else
105 |     allocate (x(30), stat=status_x)
    |

./resources/test/fixtures/correctness/C181.f90:105:22: C181 stat argument 'status_x' is not checked in this scope.
    |
103 |     allocate (x(10), stat=status_x)
104 |   else
105 |     allocate (x(30), stat=status_x)
    |                      ^^^^^^^^^^^^^ C181
106 |   end if
107 |   select case (select_option)
    |

./resources/test/fixtures/correctness/C181.f90:109:22: C181 stat argument 'status_y' is not checked in this scope.
    |
107 |   select case (select_option)
108 |   case(1)
109 |     allocate (y(10), stat=status_y)
    |                      ^^^^^^^^^^^^^ C181
110 |   case default
111 |     allocate (y(20), stat=status_y)
    |

./resources/test/fixtures/correctness/C181.f90:111:22: C181 stat argument 'status_y' is not checked in this scope.
    |
109 |     allocate (y(10), stat=status_y)
110 |   case default
111 |     allocate (y(20), stat=status_y)
    |                      ^^^^^^^^^^^^^ C181
112 |   end select
    |

./resources/test/fixtures/correctness/C181.f90:116:20: C181 stat argument 'status_w' is overwritten before being checked in this scope.
    |
114 |   ! Set stat, but overwrite it before checking it.
115 |   ! Should raise an error.
116 |   allocate (w(10), stat=status_w)
    |                    ^^^^^^^^^^^^^ C181
117 |   status_w = 0
118 |   if (status_w /= 0) then
    |

./resources/test/fixtures/correctness/C181.f90:126:20: C181 stat argument 'status_z' is not checked in this scope.
    |
124 |   ! Set stat, but don't check it until the end of the program.
125 |   ! Should raise an error.
126 |   allocate (z(10), stat=status_z)
    |                    ^^^^^^^^^^^^^ C181
127 |
128 |   print *, "Something between allocate and the end of the program"
    |

./resources/test/fixtures/correctness/C181.f90:146:22: C181 stat argument 'status' is overwritten before being checked in this scope.
    |
144 |     real(8), allocatable :: x(:)
145 |     logical :: file_exist
146 |     inquire(unit=10, iostat=status, exist=file_exist)
    |                      ^^^^^^^^^^^^^ C181
147 |     open (file="file.txt", unit=10, iostat=status, asynchronous="YES")
148 |     write(10, *, iostat=status) line
    |

./resources/test/fixtures/correctness/C181.f90:147:37: C181 stat argument 'status' is overwritten before being checked in this scope.
    |
145 |     logical :: file_exist
146 |     inquire(unit=10, iostat=status, exist=file_exist)
147 |     open (file="file.txt", unit=10, iostat=status, asynchronous="YES")
    |                                     ^^^^^^^^^^^^^ C181
148 |     write(10, *, iostat=status) line
149 |     flush(10, iostat=status)
    |

./resources/test/fixtures/correctness/C181.f90:148:18: C181 stat argument 'status' is overwritten before being checked in this scope.
    |
146 |     inquire(unit=10, iostat=status, exist=file_exist)
147 |     open (file="file.txt", unit=10, iostat=status, asynchronous="YES")
148 |     write(10, *, iostat=status) line
    |                  ^^^^^^^^^^^^^ C181
149 |     flush(10, iostat=status)
150 |     backspace(10, iostat=status)
    |

./resources/test/fixtures/correctness/C181.f90:149:15: C181 stat argument 'status' is overwritten before being checked in this scope.
    |
147 |     open (file="file.txt", unit=10, iostat=status, asynchronous="YES")
148 |     write(10, *, iostat=status) line
149 |     flush(10, iostat=status)
    |               ^^^^^^^^^^^^^ C181
150 |     backspace(10, iostat=status)
151 |     rewind(10, iostat=status)
    |

./resources/test/fixtures/correctness/C181.f90:150:19: C181 stat argument 'status' is overwritten before being checked in this scope.
    |
148 |     write(10, *, iostat=status) line
149 |     flush(10, iostat=status)
150 |     backspace(10, iostat=status)
    |                   ^^^^^^^^^^^^^ C181
151 |     rewind(10, iostat=status)
152 |     read(10, *, iostat=status, asynchronous="YES") line
    |

./resources/test/fixtures/correctness/C181.f90:151:16: C181 stat argument 'status' is overwritten before being checked in this scope.
    |
149 |     flush(10, iostat=status)
150 |     backspace(10, iostat=status)
151 |     rewind(10, iostat=status)
    |                ^^^^^^^^^^^^^ C181
152 |     read(10, *, iostat=status, asynchronous="YES") line
153 |     wait(10, iostat=status)
    |

./resources/test/fixtures/correctness/C181.f90:152:17: C181 stat argument 'status' is overwritten before being checked in this scope.
    |
150 |     backspace(10, iostat=status)
151 |     rewind(10, iostat=status)
152 |     read(10, *, iostat=status, asynchronous="YES") line
    |                 ^^^^^^^^^^^^^ C181
153 |     wait(10, iostat=status)
154 |     endfile(10, iostat=status)
    |

./resources/test/fixtures/correctness/C181.f90:153:14: C181 stat argument 'status' is overwritten before being checked in this scope.
    |
151 |     rewind(10, iostat=status)
152 |     read(10, *, iostat=status, asynchronous="YES") line
153 |     wait(10, iostat=status)
    |              ^^^^^^^^^^^^^ C181
154 |     endfile(10, iostat=status)
155 |     close(10, iostat=status)
    |

./resources/test/fixtures/correctness/C181.f90:154:17: C181 stat argument 'status' is overwritten before being checked in this scope.
    |
152 |     read(10, *, iostat=status, asynchronous="YES") line
153 |     wait(10, iostat=status)
154 |     endfile(10, iostat=status)
    |                 ^^^^^^^^^^^^^ C181
155 |     close(10, iostat=status)
156 |     ! Something other than IO statement, reuse status
    |

./resources/test/fixtures/correctness/C181.f90:155:15: C181 stat argument 'status' is overwritten before being checked in this scope.
    |
153 |     wait(10, iostat=status)
154 |     endfile(10, iostat=status)
155 |     close(10, iostat=status)
    |               ^^^^^^^^^^^^^ C181
156 |     ! Something other than IO statement, reuse status
157 |     allocate(x(10), stat=status)
    |

./resources/test/fixtures/correctness/C181.f90:157:21: C181 stat argument 'status' is overwritten before being checked in this scope.
    |
155 |     close(10, iostat=status)
156 |     ! Something other than IO statement, reuse status
157 |     allocate(x(10), stat=status)
    |                     ^^^^^^^^^^^ C181
158 |     deallocate(x, stat=status)
159 |   end subroutine io
    |

./resources/test/fixtures/correctness/C181.f90:163:37: C181 stat argument 'status' is not checked in this scope.
    |
161 |   subroutine cmd_line()
162 |     integer :: status
163 |     call execute_command_line("ls", cmdstat=status)
    |                                     ^^^^^^^^^^^^^^ C181
164 |   end subroutine cmd_line
    |
