---
source: fortitude/src/rules/correctness/mod.rs
expression: diagnostics
snapshot_kind: text
---
./resources/test/fixtures/correctness/C132.f90:8:1: C132 module 'bad_module' has default `public` accessibility
   |
 6 | end module good_module
 7 |
 8 | module bad_module
   | ^^^^^^^^^^^^^^^^^ C132
 9 |   ! This is bad
10 |   public
   |
