---
source: crates/fortitude/tests/check.rs
info:
  program: fortitude
  args:
    - check
    - "--output-format"
    - gitlab
    - "--select"
    - "S061,C001,PORT011,PORT021"
    - test.f90
snapshot_kind: text
---
success: false
exit_code: 1
----- stdout -----
[
  {
    "check_name": "C001",
    "description": "C001: program uses implicit typing",
    "severity": "major",
    "fingerprint": "fcf683c4c4180fca",
    "location": {
      "path": "test.f90",
      "positions": {
        "begin": {
          "line": 1,
          "column": 1
        },
        "end": {
          "line": 2,
          "column": 1
        }
      }
    }
  },
  {
    "check_name": "PORT021",
    "description": "PORT021: 'logical*4' uses non-standard syntax",
    "severity": "major",
    "fingerprint": "f0998ab8f95894d5",
    "location": {
      "path": "test.f90",
      "positions": {
        "begin": {
          "line": 2,
          "column": 10
        },
        "end": {
          "line": 2,
          "column": 12
        }
      }
    }
  },
  {
    "check_name": "PORT011",
    "description": "PORT011: logical kind set with number literal '4'",
    "severity": "major",
    "fingerprint": "44859b9691ebd330",
    "location": {
      "path": "test.f90",
      "positions": {
        "begin": {
          "line": 2,
          "column": 11
        },
        "end": {
          "line": 2,
          "column": 12
        }
      }
    }
  },
  {
    "check_name": "S061",
    "description": "S061: end statement should be named.",
    "severity": "major",
    "fingerprint": "651af5ac2fec5481",
    "location": {
      "path": "test.f90",
      "positions": {
        "begin": {
          "line": 3,
          "column": 1
        },
        "end": {
          "line": 3,
          "column": 12
        }
      }
    }
  }
]
----- stderr -----
