---
source: crates/fortitude_linter/src/rules/correctness/mod.rs
expression: diagnostics
---
C142 'cycle' statement in unlabelled 'do' loop
  --> ./resources/test/fixtures/correctness/C142.f90:26:5
   |
24 |   label5: do i = 1, 2
25 |     ! should warn
26 |     do j = 1, 2
   |     ----------- Unlabelled loop
27 |       cycle
   |       ^^^^^
28 |     end do
29 |   end do label5
   |

C142 'exit' statement in unlabelled 'do' loop
  --> ./resources/test/fixtures/correctness/C142.f90:48:3
   |
46 |   end do label8
47 |
48 |   do
   |   -- Unlabelled loop
49 |     ! should warn, except if `nested-loops-only` is true
50 |     exit
   |     ^^^^
51 |   end do
   |

C142 'exit' statement in unlabelled 'do' loop
  --> ./resources/test/fixtures/correctness/C142.f90:54:5
   |
53 |   do
54 |     do
   |     -- Unlabelled loop
55 |       ! should warn
56 |       exit
   |       ^^^^
57 |     end do
58 |   end do
   |
