---
source: crates/fortitude_linter/src/rules/correctness/mod.rs
expression: diagnostics
snapshot_kind: text
---
C183 'stat' used without 'errmsg'.
  --> ./resources/test/fixtures/correctness/C183.f90:20:20
   |
19 |   ! stat params, no message
20 |   allocate (x(10), Stat=status)
   |                    ^^^^^^^^^^^
21 |   deallocate (x, &
22 |     stat=STATUS)
   |

C183 'stat' used without 'errmsg'.
  --> ./resources/test/fixtures/correctness/C183.f90:22:5
   |
20 |   allocate (x(10), Stat=status)
21 |   deallocate (x, &
22 |     stat=STATUS)
   |     ^^^^^^^^^^^
23 |   open (10, file="test.txt", iostat=status)
24 |   write (10,*,iosTAT=Status) "Allocation and deallocation without stat parameters completed successfully."
   |

C183 'iostat' used without 'iomsg'.
  --> ./resources/test/fixtures/correctness/C183.f90:23:30
   |
21 |   deallocate (x, &
22 |     stat=STATUS)
23 |   open (10, file="test.txt", iostat=status)
   |                              ^^^^^^^^^^^^^
24 |   write (10,*,iosTAT=Status) "Allocation and deallocation without stat parameters completed successfully."
25 |   inquire(unit=10, &
   |

C183 'iostat' used without 'iomsg'.
  --> ./resources/test/fixtures/correctness/C183.f90:24:15
   |
22 |     stat=STATUS)
23 |   open (10, file="test.txt", iostat=status)
24 |   write (10,*,iosTAT=Status) "Allocation and deallocation without stat parameters completed successfully."
   |               ^^^^^^^^^^^^^
25 |   inquire(unit=10, &
26 |     iostat=status, exist=file_exist)
   |

C183 'iostat' used without 'iomsg'.
  --> ./resources/test/fixtures/correctness/C183.f90:26:5
   |
24 |   write (10,*,iosTAT=Status) "Allocation and deallocation without stat parameters completed successfully."
25 |   inquire(unit=10, &
26 |     iostat=status, exist=file_exist)
   |     ^^^^^^^^^^^^^
27 |   wait (10, iostat=status)
28 |   flush(10, IOSTAT=&
   |

C183 'iostat' used without 'iomsg'.
  --> ./resources/test/fixtures/correctness/C183.f90:27:13
   |
25 |   inquire(unit=10, &
26 |     iostat=status, exist=file_exist)
27 |   wait (10, iostat=status)
   |             ^^^^^^^^^^^^^
28 |   flush(10, IOSTAT=&
29 |     STATUS)
   |

C183 'iostat' used without 'iomsg'.
  --> ./resources/test/fixtures/correctness/C183.f90:28:13
   |
26 |       iostat=status, exist=file_exist)
27 |     wait (10, iostat=status)
28 |     flush(10, IOSTAT=&
   |  _____________^
29 | |     STATUS)
   | |__________^
30 |     close (10, Iostat=Status)
31 |     call execute_command_line("ls", cmdstat=Status)
   |

C183 'iostat' used without 'iomsg'.
  --> ./resources/test/fixtures/correctness/C183.f90:30:14
   |
28 |   flush(10, IOSTAT=&
29 |     STATUS)
30 |   close (10, Iostat=Status)
   |              ^^^^^^^^^^^^^
31 |   call execute_command_line("ls", cmdstat=Status)
   |

C183 'cmdstat' used without 'cmdmsg'.
  --> ./resources/test/fixtures/correctness/C183.f90:31:35
   |
29 |     STATUS)
30 |   close (10, Iostat=Status)
31 |   call execute_command_line("ls", cmdstat=Status)
   |                                   ^^^^^^^^^^^^^^
32 |
33 |   ! stat params, with message
   |
