---
source: crates/fortitude_linter/src/rules/correctness/mod.rs
expression: diagnostics
---
./resources/test/fixtures/correctness/C201_shadowed_variable.f90:15:13: C201 Variable `real32` shadows variable in a higher scope
   |
13 |     integer, intent(in) :: n
14 |     real, allocatable :: x(:)  ! This is a bug!
15 |     real :: real32 ! This is a bug!
   |             ^^^^^^ C201
16 |
17 |     allocate(x(n))
   |
