---
source: crates/fortitude_linter/src/rules/correctness/mod.rs
expression: diagnostics
snapshot_kind: text
---
./resources/test/fixtures/correctness/C141.f90:4:7: C141 [*] 'exit' statement in named 'do' loop missing label 'label1'
  |
2 |   label1: do
3 |     if (.true.) then
4 |       EXIT
  |       ^^^^ C141
5 |     end if
6 |   end do label1
  |
  = help: Add label 'label1'

1 | program test
2 |   label1: do
3 |     if (.true.) then
  -       EXIT
4 +       EXIT label1
5 |     end if
6 |   end do label1
7 |

./resources/test/fixtures/correctness/C141.f90:9:17: C141 [*] 'exit' statement in named 'do' loop missing label 'label2'
   |
 8 |   label2: do
 9 |     if (.true.) exit
   |                 ^^^^ C141
10 |   end do label2
   |
   = help: Add label 'label2'

6  |   end do label1
7  |
8  |   label2: do
   -     if (.true.) exit
9  +     if (.true.) exit label2
10 |   end do label2
11 |
12 |   label3: do

./resources/test/fixtures/correctness/C141.f90:28:19: C141 [*] 'cycle' statement in named 'do' loop missing label 'inner'
   |
26 |   label6: do i = 1, 2
27 |     inner: do j = 1, 2
28 |       if (.true.) CYCLE ! named inner loop: warns on inner loop
   |                   ^^^^^ C141
29 |     end do inner
30 |   end do label6
   |
   = help: Add label 'inner'

25 |
26 |   label6: do i = 1, 2
27 |     inner: do j = 1, 2
   -       if (.true.) CYCLE ! named inner loop: warns on inner loop
28 +       if (.true.) CYCLE inner ! named inner loop: warns on inner loop
29 |     end do inner
30 |   end do label6
31 |
