---
source: crates/fortitude_linter/src/rules/correctness/mod.rs
expression: diagnostics
snapshot_kind: text
---
C051 Trailing backslash
 --> ./resources/test/fixtures/correctness/C051.F90:7:22
  |
5 |     real :: A
6 |
7 |     ! Just a comment \
  |                      ^
8 |     A = 2.0
9 |     print *, A
  |
