---
source: crates/fortitude_linter/src/rules/correctness/mod.rs
expression: diagnostics
snapshot_kind: text
---
C092 function not contained within (sub)module or program
 --> ./resources/test/fixtures/correctness/C092.f90:1:1
  |
1 | integer function double(x)
  | ^^^^^^^^^^^^^^^^^^^^^^^^^^
2 |   integer, intent(in) :: x
3 |   double = 2 * x
  |

C092 subroutine not contained within (sub)module or program
 --> ./resources/test/fixtures/correctness/C092.f90:6:1
  |
4 | end function double
5 |
6 | subroutine triple(x)
  | ^^^^^^^^^^^^^^^^^^^^
7 |   integer, intent(inout) :: x
8 |   x = 3 * x
  |
