---
source: crates/fortitude_linter/src/rules/correctness/mod.rs
expression: diagnostics
snapshot_kind: text
---
C142 'cycle' statement in unlabelled 'do' loop
  --> ./resources/test/fixtures/correctness/C142.f90:27:7
   |
25 |     ! should warn
26 |     do j = 1, 2
27 |       cycle
   |       ^^^^^
28 |     end do
29 |   end do label5
   |

C142 'exit' statement in unlabelled 'do' loop
  --> ./resources/test/fixtures/correctness/C142.f90:50:5
   |
48 |   do
49 |     ! should warn, except if `nested-loops-only` is true
50 |     exit
   |     ^^^^
51 |   end do
   |

C142 'exit' statement in unlabelled 'do' loop
  --> ./resources/test/fixtures/correctness/C142.f90:56:7
   |
54 |     do
55 |       ! should warn
56 |       exit
   |       ^^^^
57 |     end do
58 |   end do
   |
