---
source: fortitude/src/rules/style/mod.rs
expression: diagnostics
snapshot_kind: text
---
./resources/test/fixtures/style/S081.f90:2:3: S081 [*] unnecessary semicolon
  |
1 | module m
2 |   ;
  |   ^ S081
3 | end module m
  |
  = help: Remove this character

ℹ Safe fix
1 1 | module m
2   |-  ;
3 2 | end module m
4 3 | 
5 4 | 

./resources/test/fixtures/style/S081.f90:6:10: S081 [*] unnecessary semicolon
  |
6 | program p;
  |          ^ S081
7 |   ;
8 |   implicit none;
  |
  = help: Remove this character

ℹ Safe fix
3 3 | end module m
4 4 | 
5 5 | 
6   |-program p;
  6 |+program p
7 7 |   ;
8 8 |   implicit none;
9 9 |   integer :: i;

./resources/test/fixtures/style/S081.f90:7:3: S081 [*] unnecessary semicolon
  |
6 | program p;
7 |   ;
  |   ^ S081
8 |   implicit none;
9 |   integer :: i;
  |
  = help: Remove this character

ℹ Safe fix
4 4 | 
5 5 | 
6 6 | program p;
7   |-  ;
8 7 |   implicit none;
9 8 |   integer :: i;
10 9 |   integer :: j;

./resources/test/fixtures/style/S081.f90:8:16: S081 [*] unnecessary semicolon
   |
 6 | program p;
 7 |   ;
 8 |   implicit none;
   |                ^ S081
 9 |   integer :: i;
10 |   integer :: j;
   |
   = help: Remove this character

ℹ Safe fix
5 5 | 
6 6 | program p;
7 7 |   ;
8   |-  implicit none;
  8 |+  implicit none
9 9 |   integer :: i;
10 10 |   integer :: j;
11 11 |   i = 1;; j = 2;

./resources/test/fixtures/style/S081.f90:9:15: S081 [*] unnecessary semicolon
   |
 7 |   ;
 8 |   implicit none;
 9 |   integer :: i;
   |               ^ S081
10 |   integer :: j;
11 |   i = 1;; j = 2;
   |
   = help: Remove this character

ℹ Safe fix
6  6  | program p;
7  7  |   ;
8  8  |   implicit none;
9     |-  integer :: i;
   9  |+  integer :: i
10 10 |   integer :: j;
11 11 |   i = 1;; j = 2;
12 12 |   i = i + j; write (*, *) i;;

./resources/test/fixtures/style/S081.f90:10:15: S081 [*] unnecessary semicolon
   |
 8 |   implicit none;
 9 |   integer :: i;
10 |   integer :: j;
   |               ^ S081
11 |   i = 1;; j = 2;
12 |   i = i + j; write (*, *) i;;
   |
   = help: Remove this character

ℹ Safe fix
7  7  |   ;
8  8  |   implicit none;
9  9  |   integer :: i;
10    |-  integer :: j;
   10 |+  integer :: j
11 11 |   i = 1;; j = 2;
12 12 |   i = i + j; write (*, *) i;;
13 13 | end program p;

./resources/test/fixtures/style/S081.f90:11:9: S081 [*] unnecessary semicolon
   |
 9 |   integer :: i;
10 |   integer :: j;
11 |   i = 1;; j = 2;
   |         ^ S081
12 |   i = i + j; write (*, *) i;;
13 | end program p;
   |
   = help: Remove this character

ℹ Safe fix
8  8  |   implicit none;
9  9  |   integer :: i;
10 10 |   integer :: j;
11    |-  i = 1;; j = 2;
   11 |+  i = 1; j = 2;
12 12 |   i = i + j; write (*, *) i;;
13 13 | end program p;

./resources/test/fixtures/style/S081.f90:11:16: S081 [*] unnecessary semicolon
   |
 9 |   integer :: i;
10 |   integer :: j;
11 |   i = 1;; j = 2;
   |                ^ S081
12 |   i = i + j; write (*, *) i;;
13 | end program p;
   |
   = help: Remove this character

ℹ Safe fix
8  8  |   implicit none;
9  9  |   integer :: i;
10 10 |   integer :: j;
11    |-  i = 1;; j = 2;
   11 |+  i = 1;; j = 2
12 12 |   i = i + j; write (*, *) i;;
13 13 | end program p;

./resources/test/fixtures/style/S081.f90:12:29: S081 [*] unnecessary semicolon
   |
10 |   integer :: j;
11 |   i = 1;; j = 2;
12 |   i = i + j; write (*, *) i;;
   |                             ^ S081
13 | end program p;
   |
   = help: Remove this character

ℹ Safe fix
9  9  |   integer :: i;
10 10 |   integer :: j;
11 11 |   i = 1;; j = 2;
12    |-  i = i + j; write (*, *) i;;
   12 |+  i = i + j; write (*, *) i;
13 13 | end program p;

./resources/test/fixtures/style/S081.f90:13:14: S081 [*] unnecessary semicolon
   |
11 |   i = 1;; j = 2;
12 |   i = i + j; write (*, *) i;;
13 | end program p;
   |              ^ S081
   |
   = help: Remove this character

ℹ Safe fix
10 10 |   integer :: j;
11 11 |   i = 1;; j = 2;
12 12 |   i = i + j; write (*, *) i;;
13    |-end program p;
   13 |+end program p
