---
source: crates/fortitude_linter/src/rules/modernisation/mod.rs
expression: diagnostics
snapshot_kind: text
---
./resources/test/fixtures/modernisation/MOD041.f90:5:13: MOD041 [*] Out of line 'dimension' attribute for variable 'y'
  |
3 |   integer :: X
4 |   real :: y
5 |   dimension y(2)
  |             ^^^^ MOD041
6 |   parameter(x = 1, Y=[2, 3])
  |
  = help: Add 'dimension' to 'y' declaration on line 4

1 | program test
2 |   implicit none
3 |   integer :: X
  -   real :: y
  -   dimension y(2)
4 +   real, dimension(2) :: y
5 |   parameter(x = 1, Y=[2, 3])
6 |
7 |   block

./resources/test/fixtures/modernisation/MOD041.f90:6:13: MOD041 [*] Out of line 'parameter' attribute for variable 'x'
  |
4 |   real :: y
5 |   dimension y(2)
6 |   parameter(x = 1, Y=[2, 3])
  |             ^^^^^ MOD041
7 |
8 |   block
  |
  = help: Add 'parameter' to 'x' declaration on line 3

1 | program test
2 |   implicit none
  -   integer :: X
3 +   integer, parameter :: X = 1
4 |   real :: y
5 |   dimension y(2)
  -   parameter(x = 1, Y=[2, 3])
6 +   parameter( Y=[2, 3])
7 |
8 |   block
9 |     integer :: x, y

./resources/test/fixtures/modernisation/MOD041.f90:6:20: MOD041 [*] Out of line 'parameter' attribute for variable 'Y'
  |
4 |   real :: y
5 |   dimension y(2)
6 |   parameter(x = 1, Y=[2, 3])
  |                    ^^^^^^^^ MOD041
7 |
8 |   block
  |
  = help: Add 'parameter' to 'Y' declaration on line 4

1 | program test
2 |   implicit none
3 |   integer :: X
  -   real :: y
4 +   real, parameter :: y = [2, 3]
5 |   dimension y(2)
  -   parameter(x = 1, Y=[2, 3])
6 +   parameter(x = 1)
7 |
8 |   block
9 |     integer :: x, y

./resources/test/fixtures/modernisation/MOD041.f90:10:17: MOD041 [*] Out of line 'allocatable' attribute for variable 'x'
   |
 8 |   block
 9 |     integer :: x, y
10 |     allocatable x
   |                 ^ MOD041
11 |     allocatable y(:)
12 |   end block
   |
   = help: Add 'allocatable' to 'x' declaration on line 9

6  |   parameter(x = 1, Y=[2, 3])
7  |
8  |   block
   -     integer :: x, y
   -     allocatable x
9  +     integer ::  y
10 +     integer, allocatable :: x
11 |     allocatable y(:)
12 |   end block
13 |

./resources/test/fixtures/modernisation/MOD041.f90:11:17: MOD041 [*] Out of line 'allocatable' attribute for variable 'y'
   |
 9 |     integer :: x, y
10 |     allocatable x
11 |     allocatable y(:)
   |                 ^^^^ MOD041
12 |   end block
   |
   = help: Add 'allocatable' to 'y' declaration on line 9

6  |   parameter(x = 1, Y=[2, 3])
7  |
8  |   block
   -     integer :: x, y
9  +     integer :: x
10 +     integer, allocatable :: y(:)
11 |     allocatable x
   -     allocatable y(:)
12 |   end block
13 |
14 |   block

./resources/test/fixtures/modernisation/MOD041.f90:16:15: MOD041 [*] Out of line 'parameter' attribute for variable 'a'
   |
14 |   block
15 |     integer :: a, b, c
16 |     parameter(a=1, b=2)
   |               ^^^ MOD041
17 |   end block
   |
   = help: Add 'parameter' to 'a' declaration on line 15

12 |   end block
13 |
14 |   block
   -     integer :: a, b, c
   -     parameter(a=1, b=2)
15 +     integer ::  b, c
16 +     integer, parameter :: a = 1
17 +     parameter( b=2)
18 |   end block
19 |
20 |   block

./resources/test/fixtures/modernisation/MOD041.f90:16:20: MOD041 [*] Out of line 'parameter' attribute for variable 'b'
   |
14 |   block
15 |     integer :: a, b, c
16 |     parameter(a=1, b=2)
   |                    ^^^ MOD041
17 |   end block
   |
   = help: Add 'parameter' to 'b' declaration on line 15

12 |   end block
13 |
14 |   block
   -     integer :: a, b, c
   -     parameter(a=1, b=2)
15 +     integer :: a,  c
16 +     integer, parameter :: b = 2
17 +     parameter(a=1)
18 |   end block
19 |
20 |   block

./resources/test/fixtures/modernisation/MOD041.f90:21:17: MOD041 [*] Out of line 'allocatable' attribute for variable 'x'
   |
19 |   block
20 |     integer :: x
21 |     allocatable x (:, :)
   |                 ^^^^^^^^ MOD041
22 |   end block
   |
   = help: Add 'allocatable' to 'x' declaration on line 20

17 |   end block
18 |
19 |   block
   -     integer :: x
   -     allocatable x (:, :)
20 +     integer, allocatable :: x(:, :)
21 |   end block
22 |
23 |   block

./resources/test/fixtures/modernisation/MOD041.f90:26:17: MOD041 [*] Out of line 'allocatable' attribute for variable 'x'
   |
24 |   block
25 |     integer :: x
26 |     allocatable x
   |                 ^ MOD041
27 |     dimension x(:, :)
28 |   end block
   |
   = help: Add 'allocatable' to 'x' declaration on line 25

22 |   end block
23 |
24 |   block
   -     integer :: x
   -     allocatable x
25 +     integer, allocatable :: x
26 |     dimension x(:, :)
27 |   end block
28 | end program test

./resources/test/fixtures/modernisation/MOD041.f90:27:15: MOD041 [*] Out of line 'dimension' attribute for variable 'x'
   |
25 |     integer :: x
26 |     allocatable x
27 |     dimension x(:, :)
   |               ^^^^^^^ MOD041
28 |   end block
29 | end program test
   |
   = help: Add 'dimension' to 'x' declaration on line 25

22 |   end block
23 |
24 |   block
   -     integer :: x
25 +     integer, dimension(:, :) :: x
26 |     allocatable x
   -     dimension x(:, :)
27 |   end block
28 | end program test
