---
source: crates/fortitude_linter/src/rules/modernisation/mod.rs
expression: diagnostics
---
./resources/test/fixtures/modernisation/MOD051.f90:2:3: MOD051 [*] save statement is superfluous at the module level
  |
1 | module test
2 |   save
  |   ^^^^ MOD051
3 |
4 |   integer :: a
  |
  = help: Remove `save`

ℹ Safe fix
1 1 | module test
2   |-  save
3 2 | 
4 3 |   integer :: a
5 4 | 

./resources/test/fixtures/modernisation/MOD051.f90:13:12: MOD051 [*] save attribute is superfluous at the module level
   |
12 | module test
13 |   integer, save :: a
   |            ^^^^ MOD051
14 | end module test
   |
   = help: Remove `save`

ℹ Safe fix
10 10 | end module test
11 11 | 
12 12 | module test
13    |-  integer, save :: a
   13 |+  integer :: a
14 14 | end module test
