---
source: crates/fortitude_linter/src/rules/modernisation/mod.rs
expression: diagnostics
snapshot_kind: text
---
MOD011 [*] Array literal uses old-style syntax: prefer `[...]`
 --> ./resources/test/fixtures/modernisation/MOD011.f90:2:21
  |
1 | program test
2 |   integer :: a(3) = (/1, 2, 3/)
  |                     ^^^^^^^^^^^
3 |   integer :: b(3) = (/ &
4 |        1, &
  |
help: Change `(/.../)` to `[...]`
1 | program test
  -   integer :: a(3) = (/1, 2, 3/)
2 +   integer :: a(3) = [1, 2, 3]
3 |   integer :: b(3) = (/ &
4 |        1, &
5 |        2, &

MOD011 [*] Array literal uses old-style syntax: prefer `[...]`
 --> ./resources/test/fixtures/modernisation/MOD011.f90:3:21
  |
1 |   program test
2 |     integer :: a(3) = (/1, 2, 3/)
3 |     integer :: b(3) = (/ &
  |  _____________________^
4 | |        1, &
5 | |        2, &
6 | |        3 &
7 | |        /)
  | |_________^
8 |     if (.true.) a = (/4, 5, 6/)
9 |     b(1:3) = (/ &
  |
help: Change `(/.../)` to `[...]`
1  | program test
2  |   integer :: a(3) = (/1, 2, 3/)
   -   integer :: b(3) = (/ &
3  +   integer :: b(3) = [ &
4  |        1, &
5  |        2, &
6  |        3 &
   -        /)
7  +        ]
8  |   if (.true.) a = (/4, 5, 6/)
9  |   b(1:3) = (/ &
10 |        4, &

MOD011 [*] Array literal uses old-style syntax: prefer `[...]`
  --> ./resources/test/fixtures/modernisation/MOD011.f90:8:19
   |
 6 |        3 &
 7 |        /)
 8 |   if (.true.) a = (/4, 5, 6/)
   |                   ^^^^^^^^^^^
 9 |   b(1:3) = (/ &
10 |        4, &
   |
help: Change `(/.../)` to `[...]`
5  |        2, &
6  |        3 &
7  |        /)
   -   if (.true.) a = (/4, 5, 6/)
8  +   if (.true.) a = [4, 5, 6]
9  |   b(1:3) = (/ &
10 |        4, &
11 |        5, &

MOD011 [*] Array literal uses old-style syntax: prefer `[...]`
  --> ./resources/test/fixtures/modernisation/MOD011.f90:9:12
   |
 7 |          /)
 8 |     if (.true.) a = (/4, 5, 6/)
 9 |     b(1:3) = (/ &
   |  ____________^
10 | |        4, &
11 | |        5, &
12 | |        6 &
13 | |        /)
   | |_________^
14 |   end program test
   |
help: Change `(/.../)` to `[...]`
6  |        3 &
7  |        /)
8  |   if (.true.) a = (/4, 5, 6/)
   -   b(1:3) = (/ &
9  +   b(1:3) = [ &
10 |        4, &
11 |        5, &
12 |        6 &
   -        /)
13 +        ]
14 | end program test
