---
source: crates/fortitude_linter/src/rules/modernisation/mod.rs
expression: diagnostics
snapshot_kind: text
---
./resources/test/fixtures/modernisation/MOD041.f90:5:13: MOD041 Out of line 'dimension' attribute for variable 'y'
  |
3 |   integer :: X
4 |   real :: y
5 |   dimension y(2)
  |             ^^^^ MOD041
6 |   parameter(x = 1, Y=[2, 3])
  |
  = help: Add 'dimension' to 'y' declaration on line 4

./resources/test/fixtures/modernisation/MOD041.f90:6:13: MOD041 Out of line 'parameter' attribute for variable 'x'
  |
4 |   real :: y
5 |   dimension y(2)
6 |   parameter(x = 1, Y=[2, 3])
  |             ^^^^^ MOD041
7 |
8 |   block
  |
  = help: Add 'parameter' to 'x' declaration on line 3

./resources/test/fixtures/modernisation/MOD041.f90:6:20: MOD041 Out of line 'parameter' attribute for variable 'Y'
  |
4 |   real :: y
5 |   dimension y(2)
6 |   parameter(x = 1, Y=[2, 3])
  |                    ^^^^^^^^ MOD041
7 |
8 |   block
  |
  = help: Add 'parameter' to 'Y' declaration on line 4

./resources/test/fixtures/modernisation/MOD041.f90:10:17: MOD041 Out of line 'allocatable' attribute for variable 'x'
   |
 8 |   block
 9 |     integer :: x
10 |     allocatable x(:)
   |                 ^^^^ MOD041
11 |   end block
12 | end program test
   |
   = help: Add 'allocatable' to 'x' declaration on line 9
