---
source: fortitude/src/rules/io/mod.rs
expression: diagnostics
snapshot_kind: text
---
./resources/test/fixtures/io/IO011.f90:4:8: IO011 Magic unit '10' in IO statement
  |
2 |   implicit none
3 |   integer :: i, named_unit
4 |   open(10, file="test.txt", action="read")
  |        ^^ IO011
5 |   read(10, *) i
6 |   close(10)
  |
  = help: Replace with named variable

./resources/test/fixtures/io/IO011.f90:5:8: IO011 Magic unit '10' in IO statement
  |
3 |   integer :: i, named_unit
4 |   open(10, file="test.txt", action="read")
5 |   read(10, *) i
  |        ^^ IO011
6 |   close(10)
  |
  = help: Replace with named variable

./resources/test/fixtures/io/IO011.f90:6:9: IO011 Magic unit '10' in IO statement
  |
4 |   open(10, file="test.txt", action="read")
5 |   read(10, *) i
6 |   close(10)
  |         ^^ IO011
7 |
8 |   open(file="test_out.txt", action="write", unit=24)
  |
  = help: Replace with named variable

./resources/test/fixtures/io/IO011.f90:8:50: IO011 Magic unit '24' in IO statement
   |
 6 |   close(10)
 7 |
 8 |   open(file="test_out.txt", action="write", unit=24)
   |                                                  ^^ IO011
 9 |   write (fmt=*, unit=24) i
10 |   close(24)
   |
   = help: Replace with named variable

./resources/test/fixtures/io/IO011.f90:9:22: IO011 Magic unit '24' in IO statement
   |
 8 |   open(file="test_out.txt", action="write", unit=24)
 9 |   write (fmt=*, unit=24) i
   |                      ^^ IO011
10 |   close(24)
   |
   = help: Replace with named variable

./resources/test/fixtures/io/IO011.f90:10:9: IO011 Magic unit '24' in IO statement
   |
 8 |   open(file="test_out.txt", action="write", unit=24)
 9 |   write (fmt=*, unit=24) i
10 |   close(24)
   |         ^^ IO011
11 |
12 |   open(newunit=named_unit, file="test.txt", action="write")
   |
   = help: Replace with named variable
