---
source: crates/fortitude_linter/src/rules/obsolescent/mod.rs
expression: diagnostics
snapshot_kind: text
---
OB092 [*] Shared `do` loop termination
  --> ./resources/test/fixtures/obsolescent/labelled_do.f90:40:1
   |
38 |             do 200 m = 1,10
39 |             A(i,j) = A(i,j) + B(k,l,m)
40 | 200 Continue
   | ^^^^^^^^^^^^
41 | 100 End Do
   |
help: Add `end do` statement
35 |       do 100 j = 1,10
36 |         do 200 k = 1,10
37 |           do 200 l = 1,10
   -             do 200 m = 1,10
38 +             do m = 1,10
39 |             A(i,j) = A(i,j) + B(k,l,m)
40 +             end do
41 | 200 Continue
42 | 100 End Do
43 |

OB092 [*] Shared `do` loop termination
  --> ./resources/test/fixtures/obsolescent/labelled_do.f90:41:1
   |
39 |             A(i,j) = A(i,j) + B(k,l,m)
40 | 200 Continue
41 | 100 End Do
   | ^^^^^^^^^^
42 |
43 |     do 300, i = 1, 10
   |
help: Add `end do` statement
32 |
33 |     ! Shared termination
34 |     do 100 i = 1,10
   -       do 100 j = 1,10
35 +       do j = 1,10
36 |         do 200 k = 1,10
37 |           do 200 l = 1,10
38 |             do 200 m = 1,10
39 |             A(i,j) = A(i,j) + B(k,l,m)
40 | 200 Continue
41 +       end do
42 | 100 End Do
43 |
44 |     do 300, i = 1, 10

OB092 [*] Shared `do` loop termination
  --> ./resources/test/fixtures/obsolescent/labelled_do.f90:45:5
   |
43 |     do 300, i = 1, 10
44 |       do 300, j = 1,10
45 |     300 A(j, i) = i * j
   |     ^^^^^^^^^^^^^^^^^^^
46 |
47 |     double_loop: do 400, i=1,10
   |
help: Add `end do` statement
41 | 100 End Do
42 |
43 |     do 300, i = 1, 10
   -       do 300, j = 1,10
   -     300 A(j, i) = i * j
44 +       do j = 1,10
45 +         A(j, i) = i * j
46 +       end do
47 +  300 end do
48 |
49 |     double_loop: do 400, i=1,10
50 |       inner: do 500, j=1,10
