---
source: crates/fortitude_linter/src/rules/obsolescent/mod.rs
expression: diagnostics
snapshot_kind: text
---
./resources/test/fixtures/obsolescent/OB081.f90:6:5: OB081 [*] Obsolete arithmetic `if`
  |
5 |     ! Permutations on three blocks
6 |     if (k) 1, 2, 3
  |     ^^^^^^^^^^^^^^ OB081
7 | 1   continue
8 |     print*, "<"
  |
  = help: Use `if` statement or `if` construct

3  |     integer :: x(1), k, i
4  |
5  |     ! Permutations on three blocks
   -     if (k) 1, 2, 3
   - 1   continue
6  +     if (k < 0) then
7  |     print*, "<"
8  |     i = 0
   -     goto 4
   - 2   continue
9  +     else if (k == 0) then
10 |     print*, "=="
11 |     i = 1
   -     goto 4
   - 3   continue
12 +     else
13 |     print*, ">"
14 |     i = 2
   - 4   continue
15 +     end if
16 |
17 |     if (k) 13, 12, 11
18 | 11  continue

./resources/test/fixtures/obsolescent/OB081.f90:20:5: OB081 [*] Obsolete arithmetic `if`
   |
18 | 4   continue
19 |
20 |     if (k) 13, 12, 11
   |     ^^^^^^^^^^^^^^^^^ OB081
21 | 11  continue
22 |     print*, ">"
   |
   = help: Use `if` statement or `if` construct

17 |     i = 2
18 | 4   continue
19 |
   -     if (k) 13, 12, 11
   - 11  continue
20 +     if (k > 0) then
21 |     print*, ">"
22 |     i = 0
   -     goto 14
   - 12  continue
23 +     else if (k == 0) then
24 |     print*, "=="
25 |     i = 1
   -     goto 14
   - 13  continue
26 +     else
27 |     print*, "<"
28 |     i = 2
   - 14  continue
29 +     end if
30 |
31 |     if (k) 23, 21, 22
32 | 21  continue

./resources/test/fixtures/obsolescent/OB081.f90:34:5: OB081 [*] Obsolete arithmetic `if`
   |
32 | 14  continue
33 |
34 |     if (k) 23, 21, 22
   |     ^^^^^^^^^^^^^^^^^ OB081
35 | 21  continue
36 |     print*, "=="
   |
   = help: Use `if` statement or `if` construct

31 |     i = 2
32 | 14  continue
33 |
   -     if (k) 23, 21, 22
   - 21  continue
34 +     if (k == 0) then
35 |     print*, "=="
36 |     i = 0
   -     goto 24
   - 22  continue
37 +     else if (k > 0) then
38 |     print*, ">"
39 |     i = 1
   -     goto 24
   - 23  continue
40 +     else
41 |     print*, "<"
42 |     i = 2
   - 24  continue
43 +     end if
44 |
45 |     ! Permutations on two blocks
46 |     if (k) 31, 31, 32

./resources/test/fixtures/obsolescent/OB081.f90:49:5: OB081 [*] Obsolete arithmetic `if`
   |
48 |     ! Permutations on two blocks
49 |     if (k) 31, 31, 32
   |     ^^^^^^^^^^^^^^^^^ OB081
50 | 31  continue
51 |     print*, "<="
   |
   = help: Use `if` statement or `if` construct

46 | 24  continue
47 |
48 |     ! Permutations on two blocks
   -     if (k) 31, 31, 32
   - 31  continue
49 +     if (k <= 0) then
50 |     print*, "<="
51 |     i = 0
   -     goto 34
   - 32  continue
52 +     else
53 |     print*, ">"
54 |     i = 2
   - 34  continue
55 +     end if
56 |
57 |     if (k) 41, 42, 42
58 | 41  continue

./resources/test/fixtures/obsolescent/OB081.f90:59:5: OB081 [*] Obsolete arithmetic `if`
   |
57 | 34  continue
58 |
59 |     if (k) 41, 42, 42
   |     ^^^^^^^^^^^^^^^^^ OB081
60 | 41  continue
61 |     print*, "<"
   |
   = help: Use `if` statement or `if` construct

56 |     i = 2
57 | 34  continue
58 |
   -     if (k) 41, 42, 42
   - 41  continue
59 +     if (k < 0) then
60 |     print*, "<"
61 |     i = 0
   -     goto 44
   - 42  continue
62 +     else
63 |     print*, ">="
64 |     i = 2
   - 44  continue
65 +     end if
66 |
67 |     if (k) 51, 52, 54
68 | 51  continue

./resources/test/fixtures/obsolescent/OB081.f90:69:5: OB081 [*] Obsolete arithmetic `if`
   |
67 | 44  continue
68 |
69 |     if (k) 51, 52, 54
   |     ^^^^^^^^^^^^^^^^^ OB081
70 | 51  continue
71 |     print*, "<"
   |
   = help: Use `if` statement or `if` construct

66 |     i = 2
67 | 44  continue
68 |
   -     if (k) 51, 52, 54
   - 51  continue
69 +     if (k < 0) then
70 |     print*, "<"
71 |     i = 0
   -     goto 54
   - 52  continue
72 +     else if (k == 0) then
73 |     print*, "=="
74 |     i = 2
   - 54  continue
75 +     end if
76 |
77 |     ! Single block
78 |     if (k) 62, 61, 62

./resources/test/fixtures/obsolescent/OB081.f90:80:5: OB081 [*] Obsolete arithmetic `if`
   |
79 |     ! Single block
80 |     if (k) 62, 61, 62
   |     ^^^^^^^^^^^^^^^^^ OB081
81 | 61  print*, "=="
82 | 62  continue
   |
   = help: Use `if` statement or `if` construct

77 | 54  continue
78 |
79 |     ! Single block
   -     if (k) 62, 61, 62
   - 61  print*, "=="
   - 62  continue
80 +     if (k == 0) then
81 +     print*, "=="
82 +     end if
83 |
84 |     if (k) 71, 72, 71
85 | 71  continue

./resources/test/fixtures/obsolescent/OB081.f90:84:5: OB081 [*] Obsolete arithmetic `if`
   |
82 | 62  continue
83 |
84 |     if (k) 71, 72, 71
   |     ^^^^^^^^^^^^^^^^^ OB081
85 | 71  continue
86 |     print*, "/="
   |
   = help: Use `if` statement or `if` construct

81 | 61  print*, "=="
82 | 62  continue
83 |
   -     if (k) 71, 72, 71
   - 71  continue
84 +     if (k /= 0) then
85 |     print*, "/="
   - 72  continue
86 +     end if
87 |
88 | 85  do 110 k=1,9
89 | 87     if(i-1) 100,90,100

./resources/test/fixtures/obsolescent/OB081.f90:90:8: OB081 [*] Obsolete arithmetic `if`
   |
89 | 85  do 110 k=1,9
90 | 87     if(i-1) 100,90,100
   |        ^^^^^^^^^^^^^^^^^^ OB081
91 | 90     print*, "=="
92 |        goto 110
   |
   = help: Use `if` statement or `if` construct

87 | 72  continue
88 |
89 | 85  do 110 k=1,9
   - 87     if(i-1) 100,90,100
   - 90     print*, "=="
90 + 87     if (i-1 == 0) then
91 +        print*, "=="
92 |        goto 110
   - 100    continue
93 +        end if
94 | 110 continue
95 |
96 |    ! This should become:

./resources/test/fixtures/obsolescent/OB081.f90:110:5: OB081 [*] Obsolete arithmetic `if`
    |
108 |   subroutine blocks_end_in_control_flows(M)
109 |     integer, intent(in) :: M
110 |     if (k) 1, 2, 3
    |     ^^^^^^^^^^^^^^ OB081
111 | 1   continue
112 |     print*, "<"
    |
    = help: Use `if` statement or `if` construct

107 |   ! These should be fixable, but we have to not consume the returns
108 |   subroutine blocks_end_in_control_flows(M)
109 |     integer, intent(in) :: M
    -     if (k) 1, 2, 3
    - 1   continue
110 +     if (k < 0) then
111 |     print*, "<"
112 |     i = 0
113 |     return
    - 2   continue
114 +     end if
115 +     if (k == 0) then
116 |     print*, "=="
117 |     i = 1
118 |     return
    - 3   continue
119 +     end if
120 |     print*, ">"
121 |     i = 2
122 |     continue

./resources/test/fixtures/obsolescent/OB081.f90:128:5: OB081 [*] Obsolete arithmetic `if`
    |
126 |     integer, intent(inout) :: n
127 |     ! TEST LESS THAN TWO POINTS
128 |     if(n-1)  90,90,80
    |     ^^^^^^^^^^^^^^^^^ OB081
129 | 80  continue
130 |     ! infinite loop, but never mind that
    |
    = help: Use `if` statement or `if` construct

125 |   subroutine bar(n)
126 |     integer, intent(inout) :: n
127 |     ! TEST LESS THAN TWO POINTS
    -     if(n-1)  90,90,80
    - 80  continue
128 +     if (n-1 > 0) then
129 |     ! infinite loop, but never mind that
130 | 30  n = 1
131 |     goto 30
    - 90  return
132 +     end if
133 +     return
134 |   end subroutine bar
135 |
136 |   subroutine unfixable_versions(x)

./resources/test/fixtures/obsolescent/OB081.f90:141:5: OB081 Obsolete arithmetic `if`
    |
139 |     x = 0
140 |     ! Probably can't auto-fix because first block falls-through into second
141 |     if (x) 130,170,140
    |     ^^^^^^^^^^^^^^^^^^ OB081
142 | 130 continue
143 |     x = 1
    |
    = help: Use `if` statement or `if` construct
