---
source: crates/fortitude_linter/src/rules/obsolescent/mod.rs
expression: diagnostics
snapshot_kind: text
---
OB021 entry statements are obsolescent, use module procedures with generic interface
 --> ./resources/test/fixtures/obsolescent/OB021.f90:7:8
  |
5 |        RETURN
6 |
7 |        ENTRY SUB2(A, B, C)
  |        ^^^^^^^^^^^^^^^^^^^
8 |        RETURN
  |

OB021 entry statements are obsolescent, use module procedures with generic interface
  --> ./resources/test/fixtures/obsolescent/OB021.f90:10:8
   |
 8 |        RETURN
 9 |
10 |        ENTRY SUB3
   |        ^^^^^^^^^^
11 |        RETURN
12 |        END
   |
