---
source: crates/fortitude_linter/src/rules/portability/mod.rs
expression: diagnostics
---
PORT062 possible gfortran extension function 'srand'
  --> ./resources/test/fixtures/portability/PORT062.f90:71:8
   |
69 |   implicit none
70 |   integer,parameter :: seed = 86456
71 |   call srand(seed)
   |        ^^^^^
72 |   print *, rand(), rand()
73 |   print *, rand(seed)
   |
help: Use Fortran standard intrinsic `random_seed` instead. See docs for examples.

PORT062 possible gfortran extension function 'rand'
  --> ./resources/test/fixtures/portability/PORT062.f90:72:12
   |
70 |   integer,parameter :: seed = 86456
71 |   call srand(seed)
72 |   print *, rand(), rand()
   |            ^^^^
73 |   print *, rand(seed)
74 | end program test_rand
   |
help: Use Fortran standard intrinsic `random_number` instead. See docs for examples.

PORT062 possible gfortran extension function 'rand'
  --> ./resources/test/fixtures/portability/PORT062.f90:72:20
   |
70 |   integer,parameter :: seed = 86456
71 |   call srand(seed)
72 |   print *, rand(), rand()
   |                    ^^^^
73 |   print *, rand(seed)
74 | end program test_rand
   |
help: Use Fortran standard intrinsic `random_number` instead. See docs for examples.

PORT062 possible gfortran extension function 'rand'
  --> ./resources/test/fixtures/portability/PORT062.f90:73:12
   |
71 |   call srand(seed)
72 |   print *, rand(), rand()
73 |   print *, rand(seed)
   |            ^^^^
74 | end program test_rand
   |
help: Use Fortran standard intrinsic `random_number` instead. See docs for examples.
