---
source: crates/fortitude_linter/src/rules/portability/mod.rs
expression: diagnostics
snapshot_kind: text
---
PORT021 [*] 'integer*8' uses non-standard syntax
 --> ./resources/test/fixtures/portability/PORT021.f90:1:8
  |
1 | integer*8 function add_if(x, y, z)
  |        ^^
2 |   integer(kind=2), intent(in) :: x
3 |   integer *4, intent(in) :: y
  |
help: Replace with 'integer(8)'
  - integer*8 function add_if(x, y, z)
1 + integer(8) function add_if(x, y, z)
2 |   integer(kind=2), intent(in) :: x
3 |   integer *4, intent(in) :: y
4 |   logical*   4, intent(in) :: z
note: This is an unsafe fix and may change runtime behavior

PORT021 [*] 'integer*4' uses non-standard syntax
 --> ./resources/test/fixtures/portability/PORT021.f90:3:11
  |
1 | integer*8 function add_if(x, y, z)
2 |   integer(kind=2), intent(in) :: x
3 |   integer *4, intent(in) :: y
  |           ^^
4 |   logical*   4, intent(in) :: z
5 |   real    * &
  |
help: Replace with 'integer(4)'
1 | integer*8 function add_if(x, y, z)
2 |   integer(kind=2), intent(in) :: x
  -   integer *4, intent(in) :: y
3 +   integer(4), intent(in) :: y
4 |   logical*   4, intent(in) :: z
5 |   real    * &
6 |        8 :: t
note: This is an unsafe fix and may change runtime behavior

PORT021 [*] 'logical*4' uses non-standard syntax
 --> ./resources/test/fixtures/portability/PORT021.f90:4:10
  |
2 |   integer(kind=2), intent(in) :: x
3 |   integer *4, intent(in) :: y
4 |   logical*   4, intent(in) :: z
  |          ^^^^^
5 |   real    * &
6 |        8 :: t
  |
help: Replace with 'logical(4)'
1 | integer*8 function add_if(x, y, z)
2 |   integer(kind=2), intent(in) :: x
3 |   integer *4, intent(in) :: y
  -   logical*   4, intent(in) :: z
4 +   logical(4), intent(in) :: z
5 |   real    * &
6 |        8 :: t
7 |
note: This is an unsafe fix and may change runtime behavior

PORT021 [*] 'real*8' uses non-standard syntax
 --> ./resources/test/fixtures/portability/PORT021.f90:5:11
  |
3 |     integer *4, intent(in) :: y
4 |     logical*   4, intent(in) :: z
5 |     real    * &
  |  ___________^
6 | |        8 :: t
  | |________^
7 |
8 |     if (x == 2) then
  |
help: Replace with 'real(8)'
2 |   integer(kind=2), intent(in) :: x
3 |   integer *4, intent(in) :: y
4 |   logical*   4, intent(in) :: z
  -   real    * &
  -        8 :: t
5 +   real(8) :: t
6 |
7 |   if (x == 2) then
8 |     add_if = x + y
note: This is an unsafe fix and may change runtime behavior

PORT021 [*] 'real*4' uses non-standard syntax
  --> ./resources/test/fixtures/portability/PORT021.f90:16:8
   |
15 | subroutine complex_mul(x, real)
16 |   real * 4, intent(in) :: x
   |        ^^^
17 |   complex  *  8, intent(inout) :: real
18 |   ! This would be a false positive with purely regexp based linting
   |
help: Replace with 'real(4)'
13 | end function add_if
14 |
15 | subroutine complex_mul(x, real)
   -   real * 4, intent(in) :: x
16 +   real(4), intent(in) :: x
17 |   complex  *  8, intent(inout) :: real
18 |   ! This would be a false positive with purely regexp based linting
19 |   real = real * 8
note: This is an unsafe fix and may change runtime behavior

PORT021 [*] 'complex*8' uses non-standard syntax
  --> ./resources/test/fixtures/portability/PORT021.f90:17:12
   |
15 | subroutine complex_mul(x, real)
16 |   real * 4, intent(in) :: x
17 |   complex  *  8, intent(inout) :: real
   |            ^^^^
18 |   ! This would be a false positive with purely regexp based linting
19 |   real = real * 8
   |
help: Replace with 'complex(8)'
14 |
15 | subroutine complex_mul(x, real)
16 |   real * 4, intent(in) :: x
   -   complex  *  8, intent(inout) :: real
17 +   complex(8), intent(inout) :: real
18 |   ! This would be a false positive with purely regexp based linting
19 |   real = real * 8
20 | end subroutine complex_mul
note: This is an unsafe fix and may change runtime behavior
