---
source: crates/fortitude_linter/src/rules/portability/mod.rs
expression: diagnostics
---
PORT031 [*] Invalid tab character
 --> ./resources/test/fixtures/portability/PORT031.f90:4:1
  |
2 | ! the horrible whitespace!
3 | program invalid_tab
4 |     implicit none
  | ^^^^
5 |     print*, "Don't flag this:    "
6 |     ! Or this:|    |
  |
help: Replace with spaces
1 | ! If you touch this file, be careful your editor doesn't auto-correct
2 | ! the horrible whitespace!
3 | program invalid_tab
  - 	implicit none
4 +   implicit none
5 |     print*, "Don't flag this:	"
6 |     ! Or this:|	|
7 |     if	(.true.)	then
note: This is an unsafe fix and may change runtime behavior

PORT031 [*] Invalid tab character
 --> ./resources/test/fixtures/portability/PORT031.f90:7:7
  |
5 |     print*, "Don't flag this:    "
6 |     ! Or this:|    |
7 |     if    (.true.)    then
  |       ^^^^
8 |         print*, "Mixed tab/space"
9 |     else
  |
help: Replace with spaces
4  | 	implicit none
5  |     print*, "Don't flag this:	"
6  |     ! Or this:|	|
   -     if	(.true.)	then
7  +     if  (.true.)	then
8  |     	print*, "Mixed tab/space"
9  |     else
10 | 		print*, "Two tabs"
note: This is an unsafe fix and may change runtime behavior

PORT031 [*] Invalid tab character
 --> ./resources/test/fixtures/portability/PORT031.f90:7:16
  |
5 |     print*, "Don't flag this:    "
6 |     ! Or this:|    |
7 |     if    (.true.)    then
  |                   ^^^^
8 |         print*, "Mixed tab/space"
9 |     else
  |
help: Replace with spaces
4  | 	implicit none
5  |     print*, "Don't flag this:	"
6  |     ! Or this:|	|
   -     if	(.true.)	then
7  +     if	(.true.)  then
8  |     	print*, "Mixed tab/space"
9  |     else
10 | 		print*, "Two tabs"
note: This is an unsafe fix and may change runtime behavior

PORT031 [*] Invalid tab character
  --> ./resources/test/fixtures/portability/PORT031.f90:8:5
   |
 6 |     ! Or this:|    |
 7 |     if    (.true.)    then
 8 |         print*, "Mixed tab/space"
   |     ^^^^
 9 |     else
10 |         print*, "Two tabs"
   |
help: Replace with spaces
5  |     print*, "Don't flag this:	"
6  |     ! Or this:|	|
7  |     if	(.true.)	then
   -     	print*, "Mixed tab/space"
8  +       print*, "Mixed tab/space"
9  |     else
10 | 		print*, "Two tabs"
11 |     end if
note: This is an unsafe fix and may change runtime behavior

PORT031 [*] Invalid tab character
  --> ./resources/test/fixtures/portability/PORT031.f90:10:1
   |
 8 |         print*, "Mixed tab/space"
 9 |     else
10 |         print*, "Two tabs"
   | ^^^^
11 |     end if
12 | end program invalid_tab
   |
help: Replace with spaces
7  |     if	(.true.)	then
8  |     	print*, "Mixed tab/space"
9  |     else
   - 		print*, "Two tabs"
10 +   	print*, "Two tabs"
11 |     end if
12 | end program invalid_tab
note: This is an unsafe fix and may change runtime behavior

PORT031 [*] Invalid tab character
  --> ./resources/test/fixtures/portability/PORT031.f90:10:2
   |
 8 |         print*, "Mixed tab/space"
 9 |     else
10 |         print*, "Two tabs"
   |     ^^^^
11 |     end if
12 | end program invalid_tab
   |
help: Replace with spaces
7  |     if	(.true.)	then
8  |     	print*, "Mixed tab/space"
9  |     else
   - 		print*, "Two tabs"
10 + 	  print*, "Two tabs"
11 |     end if
12 | end program invalid_tab
note: This is an unsafe fix and may change runtime behavior
