---
source: crates/fortitude_linter/src/rules/style/mod.rs
expression: diagnostics
---
./resources/test/fixtures/style/S105.f90:1:1: S105 [*] Invalid indentation
  |
1 |   !> my module
  | ^^ S105
2 | module mmod
3 |   #if USE_MPI==1
  |
  = help: Replace with correct spaces

ℹ Safe fix
1   |-  !> my module
  1 |+!> my module
2 2 | module mmod
3 3 |   #if USE_MPI==1
4 4 |   use mpi

./resources/test/fixtures/style/S105.f90:3:1: S105 [*] Invalid indentation
  |
1 |   !> my module
2 | module mmod
3 |   #if USE_MPI==1
  | ^^ S105
4 |   use mpi
5 | #endif
  |
  = help: Replace with correct spaces

ℹ Safe fix
1 1 |   !> my module
2 2 | module mmod
3   |-  #if USE_MPI==1
  3 |+#if USE_MPI==1
4 4 |   use mpi
5 5 | #endif
6 6 | implicit none

./resources/test/fixtures/style/S105.f90:4:1: S105 [*] Invalid indentation
  |
2 | module mmod
3 |   #if USE_MPI==1
4 |   use mpi
  | ^^ S105
5 | #endif
6 | implicit none
  |
  = help: Replace with correct spaces

ℹ Safe fix
1 1 |   !> my module
2 2 | module mmod
3 3 |   #if USE_MPI==1
4   |-  use mpi
  4 |+    use mpi
5 5 | #endif
6 6 | implicit none
7 7 |

./resources/test/fixtures/style/S105.f90:6:1: S105 [*] Invalid indentation
  |
4 |   use mpi
5 | #endif
6 | implicit none
  | ^ S105
7 |
8 | !> my type
  |
  = help: Replace with correct spaces

ℹ Safe fix
3 3 |   #if USE_MPI==1
4 4 |   use mpi
5 5 | #endif
6   |-implicit none
  6 |+    implicit none
7 7 |
8 8 | !> my type
9 9 | type :: my_type

./resources/test/fixtures/style/S105.f90:8:1: S105 [*] Invalid indentation
   |
 6 | implicit none
 7 |
 8 | !> my type
   | ^ S105
 9 | type :: my_type
10 |     integer :: i
   |
   = help: Replace with correct spaces

ℹ Safe fix
5 5 | #endif
6 6 | implicit none
7 7 |
8   |-!> my type
  8 |+    !> my type
9 9 | type :: my_type
10 10 |     integer :: i
11 11 |   real :: y

./resources/test/fixtures/style/S105.f90:9:1: S105 [*] Invalid indentation
   |
 8 | !> my type
 9 | type :: my_type
   | ^ S105
10 |     integer :: i
11 |   real :: y
   |
   = help: Replace with correct spaces

ℹ Safe fix
6  6  | implicit none
7  7  |
8  8  | !> my type
9     |-type :: my_type
   9  |+    type :: my_type
10 10 |     integer :: i
11 11 |   real :: y
12 12 | contains

./resources/test/fixtures/style/S105.f90:10:1: S105 [*] Invalid indentation
   |
 8 | !> my type
 9 | type :: my_type
10 |     integer :: i
   | ^^^^ S105
11 |   real :: y
12 | contains
   |
   = help: Replace with correct spaces

ℹ Safe fix
7  7  |
8  8  | !> my type
9  9  | type :: my_type
10    |-    integer :: i
   10 |+        integer :: i
11 11 |   real :: y
12 12 | contains
13 13 |   procedure :: toString

./resources/test/fixtures/style/S105.f90:11:1: S105 [*] Invalid indentation
   |
 9 | type :: my_type
10 |     integer :: i
11 |   real :: y
   | ^^ S105
12 | contains
13 |   procedure :: toString
   |
   = help: Replace with correct spaces

ℹ Safe fix
8  8  | !> my type
9  9  | type :: my_type
10 10 |     integer :: i
11    |-  real :: y
   11 |+        real :: y
12 12 | contains
13 13 |   procedure :: toString
14 14 |         end type my_type

./resources/test/fixtures/style/S105.f90:12:1: S105 [*] Invalid indentation
   |
10 |     integer :: i
11 |   real :: y
12 | contains
   | ^ S105
13 |   procedure :: toString
14 |         end type my_type
   |
   = help: Replace with correct spaces

ℹ Safe fix
9  9  | type :: my_type
10 10 |     integer :: i
11 11 |   real :: y
12    |-contains
   12 |+    contains
13 13 |   procedure :: toString
14 14 |         end type my_type
15 15 |

./resources/test/fixtures/style/S105.f90:13:1: S105 [*] Invalid indentation
   |
11 |   real :: y
12 | contains
13 |   procedure :: toString
   | ^^ S105
14 |         end type my_type
   |
   = help: Replace with correct spaces

ℹ Safe fix
10 10 |     integer :: i
11 11 |   real :: y
12 12 | contains
13    |-  procedure :: toString
   13 |+        procedure :: toString
14 14 |         end type my_type
15 15 |
16 16 |   contains

./resources/test/fixtures/style/S105.f90:14:1: S105 [*] Invalid indentation
   |
12 | contains
13 |   procedure :: toString
14 |         end type my_type
   | ^^^^^^^^ S105
15 |
16 |   contains
   |
   = help: Replace with correct spaces

ℹ Safe fix
11 11 |   real :: y
12 12 | contains
13 13 |   procedure :: toString
14    |-        end type my_type
   14 |+    end type my_type
15 15 |
16 16 |   contains
17 17 |

./resources/test/fixtures/style/S105.f90:16:1: S105 [*] Invalid indentation
   |
14 |         end type my_type
15 |
16 |   contains
   | ^^ S105
17 |
18 |   subroutine line_continuation()
   |
   = help: Replace with correct spaces

ℹ Safe fix
13 13 |   procedure :: toString
14 14 |         end type my_type
15 15 |
16    |-  contains
   16 |+contains
17 17 |
18 18 |   subroutine line_continuation()
19 19 |           integer :: i

./resources/test/fixtures/style/S105.f90:18:1: S105 [*] Invalid indentation
   |
16 |   contains
17 |
18 |   subroutine line_continuation()
   | ^^ S105
19 |           integer :: i
20 |   i = i + 1 &
   |
   = help: Replace with correct spaces

ℹ Safe fix
15 15 |
16 16 |   contains
17 17 |
18    |-  subroutine line_continuation()
   18 |+    subroutine line_continuation()
19 19 |           integer :: i
20 20 |   i = i + 1 &
21 21 |   + 2 &

./resources/test/fixtures/style/S105.f90:19:1: S105 [*] Invalid indentation
   |
18 |   subroutine line_continuation()
19 |           integer :: i
   | ^^^^^^^^^^ S105
20 |   i = i + 1 &
21 |   + 2 &
   |
   = help: Replace with correct spaces

ℹ Safe fix
16 16 |   contains
17 17 |
18 18 |   subroutine line_continuation()
19    |-          integer :: i
   19 |+        integer :: i
20 20 |   i = i + 1 &
21 21 |   + 2 &
22 22 |     + 3

./resources/test/fixtures/style/S105.f90:20:1: S105 [*] Invalid indentation
   |
18 |   subroutine line_continuation()
19 |           integer :: i
20 |   i = i + 1 &
   | ^^ S105
21 |   + 2 &
22 |     + 3
   |
   = help: Replace with correct spaces

ℹ Safe fix
17 17 |
18 18 |   subroutine line_continuation()
19 19 |           integer :: i
20    |-  i = i + 1 &
   20 |+        i = i + 1 &
21 21 |   + 2 &
22 22 |     + 3
23 23 |   end subroutine

./resources/test/fixtures/style/S105.f90:21:1: S105 [*] Invalid indentation
   |
19 |           integer :: i
20 |   i = i + 1 &
21 |   + 2 &
   | ^^ S105
22 |     + 3
23 |   end subroutine
   |
   = help: Replace with correct spaces

ℹ Safe fix
18 18 |   subroutine line_continuation()
19 19 |           integer :: i
20 20 |   i = i + 1 &
21    |-  + 2 &
   21 |+            + 2 &
22 22 |     + 3
23 23 |   end subroutine
24 24 |

./resources/test/fixtures/style/S105.f90:22:1: S105 [*] Invalid indentation
   |
20 |   i = i + 1 &
21 |   + 2 &
22 |     + 3
   | ^^^^ S105
23 |   end subroutine
   |
   = help: Replace with correct spaces

ℹ Safe fix
19 19 |           integer :: i
20 20 |   i = i + 1 &
21 21 |   + 2 &
22    |-    + 3
   22 |+            + 3
23 23 |   end subroutine
24 24 |
25 25 | subroutine if_statements()

./resources/test/fixtures/style/S105.f90:23:1: S105 [*] Invalid indentation
   |
21 |   + 2 &
22 |     + 3
23 |   end subroutine
   | ^^ S105
24 |
25 | subroutine if_statements()
   |
   = help: Replace with correct spaces

ℹ Safe fix
20 20 |   i = i + 1 &
21 21 |   + 2 &
22 22 |     + 3
23    |-  end subroutine
   23 |+    end subroutine
24 24 |
25 25 | subroutine if_statements()
26 26 | integer :: i

./resources/test/fixtures/style/S105.f90:25:1: S105 [*] Invalid indentation
   |
23 |   end subroutine
24 |
25 | subroutine if_statements()
   | ^ S105
26 | integer :: i
27 |     i = i + 1
   |
   = help: Replace with correct spaces

ℹ Safe fix
22 22 |     + 3
23 23 |   end subroutine
24 24 |
25    |-subroutine if_statements()
   25 |+    subroutine if_statements()
26 26 | integer :: i
27 27 |     i = i + 1
28 28 | if (i == 2) then; i = 3; end if;

./resources/test/fixtures/style/S105.f90:26:1: S105 [*] Invalid indentation
   |
25 | subroutine if_statements()
26 | integer :: i
   | ^ S105
27 |     i = i + 1
28 | if (i == 2) then; i = 3; end if;
   |
   = help: Replace with correct spaces

ℹ Safe fix
23 23 |   end subroutine
24 24 |
25 25 | subroutine if_statements()
26    |-integer :: i
   26 |+        integer :: i
27 27 |     i = i + 1
28 28 | if (i == 2) then; i = 3; end if;
29 29 | if (i == 4) then

./resources/test/fixtures/style/S105.f90:27:1: S105 [*] Invalid indentation
   |
25 | subroutine if_statements()
26 | integer :: i
27 |     i = i + 1
   | ^^^^ S105
28 | if (i == 2) then; i = 3; end if;
29 | if (i == 4) then
   |
   = help: Replace with correct spaces

ℹ Safe fix
24 24 |
25 25 | subroutine if_statements()
26 26 | integer :: i
27    |-    i = i + 1
   27 |+        i = i + 1
28 28 | if (i == 2) then; i = 3; end if;
29 29 | if (i == 4) then
30 30 |             i = 2

./resources/test/fixtures/style/S105.f90:28:1: S105 [*] Invalid indentation
   |
26 | integer :: i
27 |     i = i + 1
28 | if (i == 2) then; i = 3; end if;
   | ^ S105
29 | if (i == 4) then
30 |             i = 2
   |
   = help: Replace with correct spaces

ℹ Safe fix
25 25 | subroutine if_statements()
26 26 | integer :: i
27 27 |     i = i + 1
28    |-if (i == 2) then; i = 3; end if;
   28 |+        if (i == 2) then; i = 3; end if;
29 29 | if (i == 4) then
30 30 |             i = 2
31 31 |             end if

./resources/test/fixtures/style/S105.f90:28:17: S105 [*] Invalid indentation
   |
26 | integer :: i
27 |     i = i + 1
28 | if (i == 2) then; i = 3; end if;
   |                 ^ S105
29 | if (i == 4) then
30 |             i = 2
   |
   = help: Replace with correct spaces

ℹ Safe fix
25 25 | subroutine if_statements()
26 26 | integer :: i
27 27 |     i = i + 1
28    |-if (i == 2) then; i = 3; end if;
   28 |+if (i == 2) then
   29 |+            i = 3; end if;
29 30 | if (i == 4) then
30 31 |             i = 2
31 32 |             end if

./resources/test/fixtures/style/S105.f90:28:24: S105 [*] Invalid indentation
   |
26 | integer :: i
27 |     i = i + 1
28 | if (i == 2) then; i = 3; end if;
   |                        ^ S105
29 | if (i == 4) then
30 |             i = 2
   |
   = help: Replace with correct spaces

ℹ Safe fix
25 25 | subroutine if_statements()
26 26 | integer :: i
27 27 |     i = i + 1
28    |-if (i == 2) then; i = 3; end if;
   28 |+if (i == 2) then; i = 3
   29 |+        end if;
29 30 | if (i == 4) then
30 31 |             i = 2
31 32 |             end if

./resources/test/fixtures/style/S105.f90:29:1: S105 [*] Invalid indentation
   |
27 |     i = i + 1
28 | if (i == 2) then; i = 3; end if;
29 | if (i == 4) then
   | ^ S105
30 |             i = 2
31 |             end if
   |
   = help: Replace with correct spaces

ℹ Safe fix
26 26 | integer :: i
27 27 |     i = i + 1
28 28 | if (i == 2) then; i = 3; end if;
29    |-if (i == 4) then
   29 |+        if (i == 4) then
30 30 |             i = 2
31 31 |             end if
32 32 |   end subroutine if_statements

./resources/test/fixtures/style/S105.f90:31:1: S105 [*] Invalid indentation
   |
29 | if (i == 4) then
30 |             i = 2
31 |             end if
   | ^^^^^^^^^^^^ S105
32 |   end subroutine if_statements
33 |     function my_func()
   |
   = help: Replace with correct spaces

ℹ Safe fix
28 28 | if (i == 2) then; i = 3; end if;
29 29 | if (i == 4) then
30 30 |             i = 2
31    |-            end if
   31 |+        end if
32 32 |   end subroutine if_statements
33 33 |     function my_func()
34 34 |     integer :: i

./resources/test/fixtures/style/S105.f90:32:1: S105 [*] Invalid indentation
   |
30 |             i = 2
31 |             end if
32 |   end subroutine if_statements
   | ^^ S105
33 |     function my_func()
34 |     integer :: i
   |
   = help: Replace with correct spaces

ℹ Safe fix
29 29 | if (i == 4) then
30 30 |             i = 2
31 31 |             end if
32    |-  end subroutine if_statements
   32 |+    end subroutine if_statements
33 33 |     function my_func()
34 34 |     integer :: i
35 35 |   end function

./resources/test/fixtures/style/S105.f90:34:1: S105 [*] Invalid indentation
   |
32 |   end subroutine if_statements
33 |     function my_func()
34 |     integer :: i
   | ^^^^ S105
35 |   end function
36 | end module mmod
   |
   = help: Replace with correct spaces

ℹ Safe fix
31 31 |             end if
32 32 |   end subroutine if_statements
33 33 |     function my_func()
34    |-    integer :: i
   34 |+        integer :: i
35 35 |   end function
36 36 | end module mmod
37 37 |

./resources/test/fixtures/style/S105.f90:35:1: S105 [*] Invalid indentation
   |
33 |     function my_func()
34 |     integer :: i
35 |   end function
   | ^^ S105
36 | end module mmod
   |
   = help: Replace with correct spaces

ℹ Safe fix
32 32 |   end subroutine if_statements
33 33 |     function my_func()
34 34 |     integer :: i
35    |-  end function
   35 |+    end function
36 36 | end module mmod
37 37 |
38 38 |

./resources/test/fixtures/style/S105.f90:39:1: S105 [*] Invalid indentation
   |
39 |     !> my program
   | ^^^^ S105
40 | program mprog
41 |   use mmod
   |
   = help: Replace with correct spaces

ℹ Safe fix
36 36 | end module mmod
37 37 |
38 38 |
39    |-    !> my program
   39 |+!> my program
40 40 | program mprog
41 41 |   use mmod
42 42 |     implicit none

./resources/test/fixtures/style/S105.f90:41:1: S105 [*] Invalid indentation
   |
39 |     !> my program
40 | program mprog
41 |   use mmod
   | ^^ S105
42 |     implicit none
   |
   = help: Replace with correct spaces

ℹ Safe fix
38 38 |
39 39 |     !> my program
40 40 | program mprog
41    |-  use mmod
   41 |+    use mmod
42 42 |     implicit none
43 43 |
44 44 | call do_something()

./resources/test/fixtures/style/S105.f90:44:1: S105 [*] Invalid indentation
   |
42 |     implicit none
43 |
44 | call do_something()
   | ^ S105
45 |
46 | block
   |
   = help: Replace with correct spaces

ℹ Safe fix
41 41 |   use mmod
42 42 |     implicit none
43 43 |
44    |-call do_something()
   44 |+    call do_something()
45 45 |
46 46 | block
47 47 |     real :: x = 3.142

./resources/test/fixtures/style/S105.f90:46:1: S105 [*] Invalid indentation
   |
44 | call do_something()
45 |
46 | block
   | ^ S105
47 |     real :: x = 3.142
48 |       print*, x
   |
   = help: Replace with correct spaces

ℹ Safe fix
43 43 |
44 44 | call do_something()
45 45 |
46    |-block
   46 |+    block
47 47 |     real :: x = 3.142
48 48 |       print*, x
49 49 |     y = x

./resources/test/fixtures/style/S105.f90:47:1: S105 [*] Invalid indentation
   |
46 | block
47 |     real :: x = 3.142
   | ^^^^ S105
48 |       print*, x
49 |     y = x
   |
   = help: Replace with correct spaces

ℹ Safe fix
44 44 | call do_something()
45 45 |
46 46 | block
47    |-    real :: x = 3.142
   47 |+        real :: x = 3.142
48 48 |       print*, x
49 49 |     y = x
50 50 | inner: block

./resources/test/fixtures/style/S105.f90:48:1: S105 [*] Invalid indentation
   |
46 | block
47 |     real :: x = 3.142
48 |       print*, x
   | ^^^^^^ S105
49 |     y = x
50 | inner: block
   |
   = help: Replace with correct spaces

ℹ Safe fix
45 45 |
46 46 | block
47 47 |     real :: x = 3.142
48    |-      print*, x
   48 |+        print*, x
49 49 |     y = x
50 50 | inner: block
51 51 |     real :: y = 12.1

./resources/test/fixtures/style/S105.f90:49:1: S105 [*] Invalid indentation
   |
47 |     real :: x = 3.142
48 |       print*, x
49 |     y = x
   | ^^^^ S105
50 | inner: block
51 |     real :: y = 12.1
   |
   = help: Replace with correct spaces

ℹ Safe fix
46 46 | block
47 47 |     real :: x = 3.142
48 48 |       print*, x
49    |-    y = x
   49 |+        y = x
50 50 | inner: block
51 51 |     real :: y = 12.1
52 52 |       print*, y

./resources/test/fixtures/style/S105.f90:50:1: S105 [*] Invalid indentation
   |
48 |       print*, x
49 |     y = x
50 | inner: block
   | ^ S105
51 |     real :: y = 12.1
52 |       print*, y
   |
   = help: Replace with correct spaces

ℹ Safe fix
47 47 |     real :: x = 3.142
48 48 |       print*, x
49 49 |     y = x
50    |-inner: block
   50 |+        inner: block
51 51 |     real :: y = 12.1
52 52 |       print*, y
53 53 | end block inner

./resources/test/fixtures/style/S105.f90:51:1: S105 [*] Invalid indentation
   |
49 |     y = x
50 | inner: block
51 |     real :: y = 12.1
   | ^^^^ S105
52 |       print*, y
53 | end block inner
   |
   = help: Replace with correct spaces

ℹ Safe fix
48 48 |       print*, x
49 49 |     y = x
50 50 | inner: block
51    |-    real :: y = 12.1
   51 |+            real :: y = 12.1
52 52 |       print*, y
53 53 | end block inner
54 54 |   end block

./resources/test/fixtures/style/S105.f90:52:1: S105 [*] Invalid indentation
   |
50 | inner: block
51 |     real :: y = 12.1
52 |       print*, y
   | ^^^^^^ S105
53 | end block inner
54 |   end block
   |
   = help: Replace with correct spaces

ℹ Safe fix
49 49 |     y = x
50 50 | inner: block
51 51 |     real :: y = 12.1
52    |-      print*, y
   52 |+            print*, y
53 53 | end block inner
54 54 |   end block
55 55 |   end program mprog

./resources/test/fixtures/style/S105.f90:53:1: S105 [*] Invalid indentation
   |
51 |     real :: y = 12.1
52 |       print*, y
53 | end block inner
   | ^ S105
54 |   end block
55 |   end program mprog
   |
   = help: Replace with correct spaces

ℹ Safe fix
50 50 | inner: block
51 51 |     real :: y = 12.1
52 52 |       print*, y
53    |-end block inner
   53 |+        end block inner
54 54 |   end block
55 55 |   end program mprog

./resources/test/fixtures/style/S105.f90:54:1: S105 [*] Invalid indentation
   |
52 |       print*, y
53 | end block inner
54 |   end block
   | ^^ S105
55 |   end program mprog
   |
   = help: Replace with correct spaces

ℹ Safe fix
51 51 |     real :: y = 12.1
52 52 |       print*, y
53 53 | end block inner
54    |-  end block
   54 |+    end block
55 55 |   end program mprog

./resources/test/fixtures/style/S105.f90:55:1: S105 [*] Invalid indentation
   |
53 | end block inner
54 |   end block
55 |   end program mprog
   | ^^ S105
   |
   = help: Replace with correct spaces

ℹ Safe fix
52 52 |       print*, y
53 53 | end block inner
54 54 |   end block
55    |-  end program mprog
   55 |+end program mprog
