---
source: crates/fortitude_linter/src/rules/style/mod.rs
expression: diagnostics
---
./resources/test/fixtures/style/S281.f90:6:17: S281 [*] trailing decimal point in literal 6.
  |
5 |     real :: a = 6.0
6 |     real :: b = 6.
  |                 ^^ S281
7 |     real :: c = .6
8 |     real :: d = 12.45
  |
  = help: Prefer '6.0'

ℹ Safe fix
3 3 |     implicit none (type, external)
4 4 | 
5 5 |     real :: a = 6.0
6   |-    real :: b = 6.
  6 |+    real :: b = 6.0
7 7 |     real :: c = .6
8 8 |     real :: d = 12.45
9 9 |     real :: e = .45

./resources/test/fixtures/style/S281.f90:7:17: S281 [*] leading decimal point in literal .6
  |
5 |     real :: a = 6.0
6 |     real :: b = 6.
7 |     real :: c = .6
  |                 ^^ S281
8 |     real :: d = 12.45
9 |     real :: e = .45
  |
  = help: Prefer '0.6'

ℹ Safe fix
4 4 | 
5 5 |     real :: a = 6.0
6 6 |     real :: b = 6.
7   |-    real :: c = .6
  7 |+    real :: c = 0.6
8 8 |     real :: d = 12.45
9 9 |     real :: e = .45
10 10 |     real :: f = 45.

./resources/test/fixtures/style/S281.f90:9:17: S281 [*] leading decimal point in literal .45
   |
 7 |     real :: c = .6
 8 |     real :: d = 12.45
 9 |     real :: e = .45
   |                 ^^^ S281
10 |     real :: f = 45.
11 |     real :: g = 1.0e+10
   |
   = help: Prefer '0.45'

ℹ Safe fix
6  6  |     real :: b = 6.
7  7  |     real :: c = .6
8  8  |     real :: d = 12.45
9     |-    real :: e = .45
   9  |+    real :: e = 0.45
10 10 |     real :: f = 45.
11 11 |     real :: g = 1.0e+10
12 12 |     real :: h = 3.e+10

./resources/test/fixtures/style/S281.f90:10:17: S281 [*] trailing decimal point in literal 45.
   |
 8 |     real :: d = 12.45
 9 |     real :: e = .45
10 |     real :: f = 45.
   |                 ^^^ S281
11 |     real :: g = 1.0e+10
12 |     real :: h = 3.e+10
   |
   = help: Prefer '45.0'

ℹ Safe fix
7  7  |     real :: c = .6
8  8  |     real :: d = 12.45
9  9  |     real :: e = .45
10    |-    real :: f = 45.
   10 |+    real :: f = 45.0
11 11 |     real :: g = 1.0e+10
12 12 |     real :: h = 3.e+10
13 13 |     real :: i = .5e10

./resources/test/fixtures/style/S281.f90:12:17: S281 [*] trailing decimal point in literal 3.e+10
   |
10 |     real :: f = 45.
11 |     real :: g = 1.0e+10
12 |     real :: h = 3.e+10
   |                 ^^^^^^ S281
13 |     real :: i = .5e10
14 |     real :: j = 11.0d+10
   |
   = help: Prefer '3.0e+10'

ℹ Safe fix
9  9  |     real :: e = .45
10 10 |     real :: f = 45.
11 11 |     real :: g = 1.0e+10
12    |-    real :: h = 3.e+10
   12 |+    real :: h = 3.0e+10
13 13 |     real :: i = .5e10
14 14 |     real :: j = 11.0d+10
15 15 |     real :: k = 53.d+10

./resources/test/fixtures/style/S281.f90:13:17: S281 [*] leading decimal point in literal .5e10
   |
11 |     real :: g = 1.0e+10
12 |     real :: h = 3.e+10
13 |     real :: i = .5e10
   |                 ^^^^^ S281
14 |     real :: j = 11.0d+10
15 |     real :: k = 53.d+10
   |
   = help: Prefer '0.5e10'

ℹ Safe fix
10 10 |     real :: f = 45.
11 11 |     real :: g = 1.0e+10
12 12 |     real :: h = 3.e+10
13    |-    real :: i = .5e10
   13 |+    real :: i = 0.5e10
14 14 |     real :: j = 11.0d+10
15 15 |     real :: k = 53.d+10
16 16 |     real :: l = .75d10

./resources/test/fixtures/style/S281.f90:15:17: S281 [*] trailing decimal point in literal 53.d+10
   |
13 |     real :: i = .5e10
14 |     real :: j = 11.0d+10
15 |     real :: k = 53.d+10
   |                 ^^^^^^^ S281
16 |     real :: l = .75d10
   |
   = help: Prefer '53.0d+10'

ℹ Safe fix
12 12 |     real :: h = 3.e+10
13 13 |     real :: i = .5e10
14 14 |     real :: j = 11.0d+10
15    |-    real :: k = 53.d+10
   15 |+    real :: k = 53.0d+10
16 16 |     real :: l = .75d10
17 17 | 
18 18 | end program p

./resources/test/fixtures/style/S281.f90:16:17: S281 [*] leading decimal point in literal .75d10
   |
14 |     real :: j = 11.0d+10
15 |     real :: k = 53.d+10
16 |     real :: l = .75d10
   |                 ^^^^^^ S281
17 |
18 | end program p
   |
   = help: Prefer '0.75d10'

ℹ Safe fix
13 13 |     real :: i = .5e10
14 14 |     real :: j = 11.0d+10
15 15 |     real :: k = 53.d+10
16    |-    real :: l = .75d10
   16 |+    real :: l = 0.75d10
17 17 | 
18 18 | end program p
