---
source: crates/fortitude_linter/src/rules/style/mod.rs
expression: diagnostics
---
./resources/test/fixtures/style/S312.f90:12:7: S312 [*] Avoid redundant whole-array indexing
   |
10 |   type(box) :: item
11 |
12 |   x = x(:)
   |       ^^^^ S312
13 |   y = y(:, :)
14 |   item%values = item%values(:)
   |
   = help: Remove redundant whole-array indexing

9  |   end type box
10 |   type(box) :: item
11 |
   -   x = x(:)
12 +   x = x
13 |   y = y(:, :)
14 |   item%values = item%values(:)
15 |

./resources/test/fixtures/style/S312.f90:13:7: S312 [*] Avoid redundant whole-array indexing
   |
12 |   x = x(:)
13 |   y = y(:, :)
   |       ^^^^^^^ S312
14 |   item%values = item%values(:)
   |
   = help: Remove redundant whole-array indexing

10 |   type(box) :: item
11 |
12 |   x = x(:)
   -   y = y(:, :)
13 +   y = y
14 |   item%values = item%values(:)
15 |
16 |   z = z(1:)

./resources/test/fixtures/style/S312.f90:14:17: S312 [*] Avoid redundant whole-array indexing
   |
12 |   x = x(:)
13 |   y = y(:, :)
14 |   item%values = item%values(:)
   |                 ^^^^^^^^^^^^^^ S312
15 |
16 |   z = z(1:)
   |
   = help: Remove redundant whole-array indexing

11 |
12 |   x = x(:)
13 |   y = y(:, :)
   -   item%values = item%values(:)
14 +   item%values = item%values
15 |
16 |   z = z(1:)
17 |   z = z(:5)
