---
source: crates/fortitude_linter/src/rules/style/mod.rs
expression: diagnostics
snapshot_kind: text
---
./resources/test/fixtures/style/S255.f90:19:7: S255 Unecessary else-if after `stop` statement
   |
17 |     if ((a - b) < 0) then
18 |       capped_sub = 0
19 |       STOP
   |       ^^^^ S255
20 |     else if ((a - b) > 10) then
21 |       capped_sub = 10
   |

./resources/test/fixtures/style/S255.f90:22:7: S255 Unecessary else after `stop` statement
   |
20 |     else if ((a - b) > 10) then
21 |       capped_sub = 10
22 |       stop 3
   |       ^^^^^^ S255
23 |     else
24 |       capped_sub = a - b
   |

./resources/test/fixtures/style/S255.f90:32:7: S255 Unecessary else after `error stop` statement
   |
30 |     if ((a * b) > 100) then
31 |       capped_mult = 100
32 |       error     stop 2
   |       ^^^^^^^^^^^^^^^^ S255
33 |     else
34 |       capped_mult = a * b
   |
