---
source: crates/fortitude_linter/src/rules/style/mod.rs
expression: diagnostics
snapshot_kind: text
---
./resources/test/fixtures/style/S255.f90:19:7: S255 [*] Unnecessary else-if after `stop` statement
   |
17 |     if ((a - b) < 0) then
18 |       capped_sub = 0
19 |       STOP
   |       ^^^^ S255
20 |     else if ((a - b) > 10) then
21 |       capped_sub = 10
   |
   = help: Remove unnecessary 'else-if'

17 |     if ((a - b) < 0) then
18 |       capped_sub = 0
19 |       STOP
   -     else if ((a - b) > 10) then
20 +     end if
21 +     if ((a - b) > 10) then
22 |       capped_sub = 10
23 |       stop 3
24 |     else

./resources/test/fixtures/style/S255.f90:22:7: S255 [*] Unnecessary else after `stop` statement
   |
20 |     else if ((a - b) > 10) then
21 |       capped_sub = 10
22 |       stop 3
   |       ^^^^^^ S255
23 |     else
24 |       capped_sub = a - b
   |
   = help: Remove unnecessary 'else'

20 |     else if ((a - b) > 10) then
21 |       capped_sub = 10
22 |       stop 3
   -     else
   -       capped_sub = a - b
23 |     end if
24 +
25 +     capped_sub = a - b
26 |   end function capped_sub
27 |
28 |   integer function capped_mult(a, b)

./resources/test/fixtures/style/S255.f90:32:7: S255 [*] Unnecessary else after `error stop` statement
   |
30 |     if ((a * b) > 100) then
31 |       capped_mult = 100
32 |       error     stop 2
   |       ^^^^^^^^^^^^^^^^ S255
33 |     else
34 |       capped_mult = a * b
   |
   = help: Remove unnecessary 'else'

30 |     if ((a * b) > 100) then
31 |       capped_mult = 100
32 |       error     stop 2
   -     else
   -       capped_mult = a * b
33 |     end if
34 +
35 +     capped_mult = a * b
36 |   end function capped_mult
37 |
38 |   integer function capped_pow(a, b)
