---
source: crates/fortitude_linter/src/rules/style/mod.rs
expression: diagnostics
snapshot_kind: text
---
S232 [*] Whitespace included in 'in out'
  --> ./resources/test/fixtures/style/S231.f90:44:21
   |
42 |   integer function f1(x, y)
43 |     integer, intent(inoUt) :: x
44 |     integer, intent(in out) :: y
   |                     ^^^^^^
45 |     select case (x)
46 |       case(1)
   |
help: Replace with 'inout'
41 | contains
42 |   integer function f1(x, y)
43 |     integer, intent(inoUt) :: x
   -     integer, intent(in out) :: y
44 +     integer, intent(inout) :: y
45 |     select case (x)
46 |       case(1)
47 |         print *, x

S232 [*] Whitespace included in 'go to'
   --> ./resources/test/fixtures/style/S231.f90:219:15
    |
217 |   i = i + 1
218 |   if (i < 10) goTo 10
219 |   if (i < 20) gO To 10
    |               ^^^^^
220 |   if (i < 30) go  & ! helpful comment!
221 |     to 10
    |
help: Replace with 'goto'
216 |   10 continue
217 |   i = i + 1
218 |   if (i < 10) goTo 10
    -   if (i < 20) gO To 10
219 +   if (i < 20) gOTo 10
220 |   if (i < 30) go  & ! helpful comment!
221 |     to 10
222 |

S232 Whitespace included in 'go to'
   --> ./resources/test/fixtures/style/S231.f90:220:15
    |
218 |   if (i < 10) goTo 10
219 |   if (i < 20) gO To 10
220 |   if (i < 30) go  & ! helpful comment!
    |               ^^
221 |     to 10
    |
help: Replace with 'goto'

S232 Whitespace included in 'in out'
   --> ./resources/test/fixtures/style/S231.f90:225:21
    |
223 | contains
224 |   integer function fff(x)
225 |     integer, intent(in & !helpful comment
    |                     ^^
226 |       out) :: x
227 |     fff = x
    |
help: Replace with 'inout'
