---
source: crates/fortitude_linter/src/rules/style/mod.rs
expression: diagnostics
---
./resources/test/fixtures/style/S911.f90:40:18: S911 Too many arguments in procedure `s5` (5 > 4)
   |
39 |     ! Should raise
40 |     subroutine s5(a, b, c, d, e)
   |                  ^^^^^^^^^^^^^^^ S911
41 |         integer, intent(in) :: a, b, c, d, e
42 |         print *, a, b, c, d, e
   |

./resources/test/fixtures/style/S911.f90:46:24: S911 Too many arguments in procedure `f5` (5 > 4)
   |
45 |     ! Should raise
46 |     integer function f5(a, b, c, d, e) result(f)
   |                        ^^^^^^^^^^^^^^^ S911
47 |         integer, intent(in) :: a, b, c, d, e
48 |         f = a + b + c + d + e
   |
