---
source: crates/fortitude_linter/src/rules/style/mod.rs
expression: diagnostics
---
S105 [*] Incorrect indentation
 --> ./resources/test/fixtures/style/S105.f90:1:1
  |
1 |   !> my module
  | ^^
2 | module mmod
3 |   #if USE_MPI==1
  |
help: Replace with the correct number of spaces, 0
  -   !> my module
1 + !> my module
2 | module mmod
3 |   #if USE_MPI==1
4 |   use mpi

S105 [*] Incorrect indentation
 --> ./resources/test/fixtures/style/S105.f90:4:1
  |
2 | module mmod
3 |   #if USE_MPI==1
4 |   use mpi
  | ^^
5 | #endif
6 | implicit none
  |
help: Replace with the correct number of spaces, 4
1 |   !> my module
2 | module mmod
3 |   #if USE_MPI==1
  -   use mpi
4 +     use mpi
5 | #endif
6 | implicit none
7 |

S105 [*] Incorrect indentation
 --> ./resources/test/fixtures/style/S105.f90:6:1
  |
4 |   use mpi
5 | #endif
6 | implicit none
  | ^
7 |
8 | interface
  |
help: Replace with the correct number of spaces, 4
3 |   #if USE_MPI==1
4 |   use mpi
5 | #endif
  - implicit none
6 +     implicit none
7 |
8 | interface
9 |     module function interfaced_function(i) result(x)

S105 [*] Incorrect indentation
  --> ./resources/test/fixtures/style/S105.f90:8:1
   |
 6 | implicit none
 7 |
 8 | interface
   | ^
 9 |     module function interfaced_function(i) result(x)
10 |           integer, intent(in) :: i
   |
help: Replace with the correct number of spaces, 4
5  | #endif
6  | implicit none
7  |
   - interface
8  +     interface
9  |     module function interfaced_function(i) result(x)
10 |           integer, intent(in) :: i
11 |       end function interfaced_function

S105 [*] Incorrect indentation
  --> ./resources/test/fixtures/style/S105.f90:9:1
   |
 8 | interface
 9 |     module function interfaced_function(i) result(x)
   | ^^^^
10 |           integer, intent(in) :: i
11 |       end function interfaced_function
   |
help: Replace with the correct number of spaces, 8
6  | implicit none
7  |
8  | interface
   -     module function interfaced_function(i) result(x)
9  +         module function interfaced_function(i) result(x)
10 |           integer, intent(in) :: i
11 |       end function interfaced_function
12 |     end interface

S105 [*] Incorrect indentation
  --> ./resources/test/fixtures/style/S105.f90:10:1
   |
 8 | interface
 9 |     module function interfaced_function(i) result(x)
10 |           integer, intent(in) :: i
   | ^^^^^^^^^^
11 |       end function interfaced_function
12 |     end interface
   |
help: Replace with the correct number of spaces, 12
7  |
8  | interface
9  |     module function interfaced_function(i) result(x)
   -           integer, intent(in) :: i
10 +             integer, intent(in) :: i
11 |       end function interfaced_function
12 |     end interface
13 |

S105 [*] Incorrect indentation
  --> ./resources/test/fixtures/style/S105.f90:11:1
   |
 9 |     module function interfaced_function(i) result(x)
10 |           integer, intent(in) :: i
11 |       end function interfaced_function
   | ^^^^^^
12 |     end interface
   |
help: Replace with the correct number of spaces, 8
8  | interface
9  |     module function interfaced_function(i) result(x)
10 |           integer, intent(in) :: i
   -       end function interfaced_function
11 +         end function interfaced_function
12 |     end interface
13 |
14 | interface minterface

S105 [*] Incorrect indentation
  --> ./resources/test/fixtures/style/S105.f90:14:1
   |
12 |     end interface
13 |
14 | interface minterface
   | ^
15 |           module procedure minterface_i,minterface_r
16 |   end interface minterface
   |
help: Replace with the correct number of spaces, 4
11 |       end function interfaced_function
12 |     end interface
13 |
   - interface minterface
14 +     interface minterface
15 |           module procedure minterface_i,minterface_r
16 |   end interface minterface
17 |

S105 [*] Incorrect indentation
  --> ./resources/test/fixtures/style/S105.f90:15:1
   |
14 | interface minterface
15 |           module procedure minterface_i,minterface_r
   | ^^^^^^^^^^
16 |   end interface minterface
   |
help: Replace with the correct number of spaces, 8
12 |     end interface
13 |
14 | interface minterface
   -           module procedure minterface_i,minterface_r
15 +         module procedure minterface_i,minterface_r
16 |   end interface minterface
17 |
18 | !> my type

S105 [*] Incorrect indentation
  --> ./resources/test/fixtures/style/S105.f90:16:1
   |
14 | interface minterface
15 |           module procedure minterface_i,minterface_r
16 |   end interface minterface
   | ^^
17 |
18 | !> my type
   |
help: Replace with the correct number of spaces, 4
13 |
14 | interface minterface
15 |           module procedure minterface_i,minterface_r
   -   end interface minterface
16 +     end interface minterface
17 |
18 | !> my type
19 | type :: my_type

S105 [*] Incorrect indentation
  --> ./resources/test/fixtures/style/S105.f90:18:1
   |
16 |   end interface minterface
17 |
18 | !> my type
   | ^
19 | type :: my_type
20 |     integer :: i
   |
help: Replace with the correct number of spaces, 4
15 |           module procedure minterface_i,minterface_r
16 |   end interface minterface
17 |
   - !> my type
18 +     !> my type
19 | type :: my_type
20 |     integer :: i
21 |   real :: y

S105 [*] Incorrect indentation
  --> ./resources/test/fixtures/style/S105.f90:19:1
   |
18 | !> my type
19 | type :: my_type
   | ^
20 |     integer :: i
21 |   real :: y
   |
help: Replace with the correct number of spaces, 4
16 |   end interface minterface
17 |
18 | !> my type
   - type :: my_type
19 +     type :: my_type
20 |     integer :: i
21 |   real :: y
22 | contains

S105 [*] Incorrect indentation
  --> ./resources/test/fixtures/style/S105.f90:20:1
   |
18 | !> my type
19 | type :: my_type
20 |     integer :: i
   | ^^^^
21 |   real :: y
22 | contains
   |
help: Replace with the correct number of spaces, 8
17 |
18 | !> my type
19 | type :: my_type
   -     integer :: i
20 +         integer :: i
21 |   real :: y
22 | contains
23 |   procedure :: toString

S105 [*] Incorrect indentation
  --> ./resources/test/fixtures/style/S105.f90:21:1
   |
19 | type :: my_type
20 |     integer :: i
21 |   real :: y
   | ^^
22 | contains
23 |   procedure :: toString
   |
help: Replace with the correct number of spaces, 8
18 | !> my type
19 | type :: my_type
20 |     integer :: i
   -   real :: y
21 +         real :: y
22 | contains
23 |   procedure :: toString
24 |         end type my_type

S105 [*] Incorrect indentation
  --> ./resources/test/fixtures/style/S105.f90:22:1
   |
20 |     integer :: i
21 |   real :: y
22 | contains
   | ^
23 |   procedure :: toString
24 |         end type my_type
   |
help: Replace with the correct number of spaces, 4
19 | type :: my_type
20 |     integer :: i
21 |   real :: y
   - contains
22 +     contains
23 |   procedure :: toString
24 |         end type my_type
25 |

S105 [*] Incorrect indentation
  --> ./resources/test/fixtures/style/S105.f90:23:1
   |
21 |   real :: y
22 | contains
23 |   procedure :: toString
   | ^^
24 |         end type my_type
   |
help: Replace with the correct number of spaces, 8
20 |     integer :: i
21 |   real :: y
22 | contains
   -   procedure :: toString
23 +         procedure :: toString
24 |         end type my_type
25 |
26 |   contains

S105 [*] Incorrect indentation
  --> ./resources/test/fixtures/style/S105.f90:24:1
   |
22 | contains
23 |   procedure :: toString
24 |         end type my_type
   | ^^^^^^^^
25 |
26 |   contains
   |
help: Replace with the correct number of spaces, 4
21 |   real :: y
22 | contains
23 |   procedure :: toString
   -         end type my_type
24 +     end type my_type
25 |
26 |   contains
27 |

S105 [*] Incorrect indentation
  --> ./resources/test/fixtures/style/S105.f90:26:1
   |
24 |         end type my_type
25 |
26 |   contains
   | ^^
27 |
28 |       integer function get_x() result(x)
   |
help: Replace with the correct number of spaces, 0
23 |   procedure :: toString
24 |         end type my_type
25 |
   -   contains
26 + contains
27 |
28 |       integer function get_x() result(x)
29 |       x = 1

S105 [*] Incorrect indentation
  --> ./resources/test/fixtures/style/S105.f90:28:1
   |
26 |   contains
27 |
28 |       integer function get_x() result(x)
   | ^^^^^^
29 |       x = 1
30 |       end function get_x
   |
help: Replace with the correct number of spaces, 4
25 |
26 |   contains
27 |
   -       integer function get_x() result(x)
28 +     integer function get_x() result(x)
29 |       x = 1
30 |       end function get_x
31 |

S105 [*] Incorrect indentation
  --> ./resources/test/fixtures/style/S105.f90:29:1
   |
28 |       integer function get_x() result(x)
29 |       x = 1
   | ^^^^^^
30 |       end function get_x
   |
help: Replace with the correct number of spaces, 8
26 |   contains
27 |
28 |       integer function get_x() result(x)
   -       x = 1
29 +         x = 1
30 |       end function get_x
31 |
32 |         function minterface_i(x)

S105 [*] Incorrect indentation
  --> ./resources/test/fixtures/style/S105.f90:30:1
   |
28 |       integer function get_x() result(x)
29 |       x = 1
30 |       end function get_x
   | ^^^^^^
31 |
32 |         function minterface_i(x)
   |
help: Replace with the correct number of spaces, 4
27 |
28 |       integer function get_x() result(x)
29 |       x = 1
   -       end function get_x
30 +     end function get_x
31 |
32 |         function minterface_i(x)
33 |           integer :: x

S105 [*] Incorrect indentation
  --> ./resources/test/fixtures/style/S105.f90:32:1
   |
30 |       end function get_x
31 |
32 |         function minterface_i(x)
   | ^^^^^^^^
33 |           integer :: x
34 |           print *, x
   |
help: Replace with the correct number of spaces, 4
29 |       x = 1
30 |       end function get_x
31 |
   -         function minterface_i(x)
32 +     function minterface_i(x)
33 |           integer :: x
34 |           print *, x
35 |         end function minterface_i

S105 [*] Incorrect indentation
  --> ./resources/test/fixtures/style/S105.f90:33:1
   |
32 |         function minterface_i(x)
33 |           integer :: x
   | ^^^^^^^^^^
34 |           print *, x
35 |         end function minterface_i
   |
help: Replace with the correct number of spaces, 8
30 |       end function get_x
31 |
32 |         function minterface_i(x)
   -           integer :: x
33 +         integer :: x
34 |           print *, x
35 |         end function minterface_i
36 |

S105 [*] Incorrect indentation
  --> ./resources/test/fixtures/style/S105.f90:34:1
   |
32 |         function minterface_i(x)
33 |           integer :: x
34 |           print *, x
   | ^^^^^^^^^^
35 |         end function minterface_i
   |
help: Replace with the correct number of spaces, 8
31 |
32 |         function minterface_i(x)
33 |           integer :: x
   -           print *, x
34 +         print *, x
35 |         end function minterface_i
36 |
37 |     function minterface_r(x)

S105 [*] Incorrect indentation
  --> ./resources/test/fixtures/style/S105.f90:35:1
   |
33 |           integer :: x
34 |           print *, x
35 |         end function minterface_i
   | ^^^^^^^^
36 |
37 |     function minterface_r(x)
   |
help: Replace with the correct number of spaces, 4
32 |         function minterface_i(x)
33 |           integer :: x
34 |           print *, x
   -         end function minterface_i
35 +     end function minterface_i
36 |
37 |     function minterface_r(x)
38 |           real :: x

S105 [*] Incorrect indentation
  --> ./resources/test/fixtures/style/S105.f90:38:1
   |
37 |     function minterface_r(x)
38 |           real :: x
   | ^^^^^^^^^^
39 |   print *, x
40 |           end function minterface_r
   |
help: Replace with the correct number of spaces, 8
35 |         end function minterface_i
36 |
37 |     function minterface_r(x)
   -           real :: x
38 +         real :: x
39 |   print *, x
40 |           end function minterface_r
41 |

S105 [*] Incorrect indentation
  --> ./resources/test/fixtures/style/S105.f90:39:1
   |
37 |     function minterface_r(x)
38 |           real :: x
39 |   print *, x
   | ^^
40 |           end function minterface_r
   |
help: Replace with the correct number of spaces, 8
36 |
37 |     function minterface_r(x)
38 |           real :: x
   -   print *, x
39 +         print *, x
40 |           end function minterface_r
41 |
42 |       function wrapped_function( &

S105 [*] Incorrect indentation
  --> ./resources/test/fixtures/style/S105.f90:40:1
   |
38 |           real :: x
39 |   print *, x
40 |           end function minterface_r
   | ^^^^^^^^^^
41 |
42 |       function wrapped_function( &
   |
help: Replace with the correct number of spaces, 4
37 |     function minterface_r(x)
38 |           real :: x
39 |   print *, x
   -           end function minterface_r
40 +     end function minterface_r
41 |
42 |       function wrapped_function( &
43 |         x &

S105 [*] Incorrect indentation
  --> ./resources/test/fixtures/style/S105.f90:42:1
   |
40 |           end function minterface_r
41 |
42 |       function wrapped_function( &
   | ^^^^^^
43 |         x &
44 |       )
   |
help: Replace with the correct number of spaces, 4
39 |   print *, x
40 |           end function minterface_r
41 |
   -       function wrapped_function( &
42 +     function wrapped_function( &
43 |         x &
44 |       )
45 |         integer, intent(in) :: x

S105 [*] Incorrect indentation
  --> ./resources/test/fixtures/style/S105.f90:44:1
   |
42 |       function wrapped_function( &
43 |         x &
44 |       )
   | ^^^^^^
45 |         integer, intent(in) :: x
   |
help: Replace with the correct number of spaces, 4
41 |
42 |       function wrapped_function( &
43 |         x &
   -       )
44 +     )
45 |         integer, intent(in) :: x
46 |
47 |           print *, x

S105 [*] Incorrect indentation
  --> ./resources/test/fixtures/style/S105.f90:47:1
   |
45 |         integer, intent(in) :: x
46 |
47 |           print *, x
   | ^^^^^^^^^^
48 |       end function wrapped_function
   |
help: Replace with the correct number of spaces, 8
44 |       )
45 |         integer, intent(in) :: x
46 |
   -           print *, x
47 +         print *, x
48 |       end function wrapped_function
49 |
50 |   subroutine line_continuation()

S105 [*] Incorrect indentation
  --> ./resources/test/fixtures/style/S105.f90:48:1
   |
47 |           print *, x
48 |       end function wrapped_function
   | ^^^^^^
49 |
50 |   subroutine line_continuation()
   |
help: Replace with the correct number of spaces, 4
45 |         integer, intent(in) :: x
46 |
47 |           print *, x
   -       end function wrapped_function
48 +     end function wrapped_function
49 |
50 |   subroutine line_continuation()
51 |           integer :: i

S105 [*] Incorrect indentation
  --> ./resources/test/fixtures/style/S105.f90:50:1
   |
48 |       end function wrapped_function
49 |
50 |   subroutine line_continuation()
   | ^^
51 |           integer :: i
52 |   i = i + 1 &
   |
help: Replace with the correct number of spaces, 4
47 |           print *, x
48 |       end function wrapped_function
49 |
   -   subroutine line_continuation()
50 +     subroutine line_continuation()
51 |           integer :: i
52 |   i = i + 1 &
53 |   + 2 &

S105 [*] Incorrect indentation
  --> ./resources/test/fixtures/style/S105.f90:51:1
   |
50 |   subroutine line_continuation()
51 |           integer :: i
   | ^^^^^^^^^^
52 |   i = i + 1 &
53 |   + 2 &
   |
help: Replace with the correct number of spaces, 8
48 |       end function wrapped_function
49 |
50 |   subroutine line_continuation()
   -           integer :: i
51 +         integer :: i
52 |   i = i + 1 &
53 |   + 2 &
54 |     + 3

S105 [*] Incorrect indentation
  --> ./resources/test/fixtures/style/S105.f90:52:1
   |
50 |   subroutine line_continuation()
51 |           integer :: i
52 |   i = i + 1 &
   | ^^
53 |   + 2 &
54 |     + 3
   |
help: Replace with the correct number of spaces, 8
49 |
50 |   subroutine line_continuation()
51 |           integer :: i
   -   i = i + 1 &
52 +         i = i + 1 &
53 |   + 2 &
54 |     + 3
55 |   end subroutine

S105 [*] Incorrect indentation
  --> ./resources/test/fixtures/style/S105.f90:53:1
   |
51 |           integer :: i
52 |   i = i + 1 &
53 |   + 2 &
   | ^^
54 |     + 3
55 |   end subroutine
   |
help: Replace with the correct number of spaces, 12
50 |   subroutine line_continuation()
51 |           integer :: i
52 |   i = i + 1 &
   -   + 2 &
53 +             + 2 &
54 |     + 3
55 |   end subroutine
56 |

S105 [*] Incorrect indentation
  --> ./resources/test/fixtures/style/S105.f90:54:1
   |
52 |   i = i + 1 &
53 |   + 2 &
54 |     + 3
   | ^^^^
55 |   end subroutine
   |
help: Replace with the correct number of spaces, 12
51 |           integer :: i
52 |   i = i + 1 &
53 |   + 2 &
   -     + 3
54 +             + 3
55 |   end subroutine
56 |
57 | subroutine if_statements()

S105 [*] Incorrect indentation
  --> ./resources/test/fixtures/style/S105.f90:55:1
   |
53 |   + 2 &
54 |     + 3
55 |   end subroutine
   | ^^
56 |
57 | subroutine if_statements()
   |
help: Replace with the correct number of spaces, 4
52 |   i = i + 1 &
53 |   + 2 &
54 |     + 3
   -   end subroutine
55 +     end subroutine
56 |
57 | subroutine if_statements()
58 | integer :: i

S105 [*] Incorrect indentation
  --> ./resources/test/fixtures/style/S105.f90:57:1
   |
55 |   end subroutine
56 |
57 | subroutine if_statements()
   | ^
58 | integer :: i
59 |     i = i + 1
   |
help: Replace with the correct number of spaces, 4
54 |     + 3
55 |   end subroutine
56 |
   - subroutine if_statements()
57 +     subroutine if_statements()
58 | integer :: i
59 |     i = i + 1
60 | if (i == 1) i = 2

S105 [*] Incorrect indentation
  --> ./resources/test/fixtures/style/S105.f90:58:1
   |
57 | subroutine if_statements()
58 | integer :: i
   | ^
59 |     i = i + 1
60 | if (i == 1) i = 2
   |
help: Replace with the correct number of spaces, 8
55 |   end subroutine
56 |
57 | subroutine if_statements()
   - integer :: i
58 +         integer :: i
59 |     i = i + 1
60 | if (i == 1) i = 2
61 |   if (i == 2) then; i = 3; end if;

S105 [*] Incorrect indentation
  --> ./resources/test/fixtures/style/S105.f90:59:1
   |
57 | subroutine if_statements()
58 | integer :: i
59 |     i = i + 1
   | ^^^^
60 | if (i == 1) i = 2
61 |   if (i == 2) then; i = 3; end if;
   |
help: Replace with the correct number of spaces, 8
56 |
57 | subroutine if_statements()
58 | integer :: i
   -     i = i + 1
59 +         i = i + 1
60 | if (i == 1) i = 2
61 |   if (i == 2) then; i = 3; end if;
62 | if (i == 4) then

S105 [*] Incorrect indentation
  --> ./resources/test/fixtures/style/S105.f90:60:1
   |
58 | integer :: i
59 |     i = i + 1
60 | if (i == 1) i = 2
   | ^
61 |   if (i == 2) then; i = 3; end if;
62 | if (i == 4) then
   |
help: Replace with the correct number of spaces, 8
57 | subroutine if_statements()
58 | integer :: i
59 |     i = i + 1
   - if (i == 1) i = 2
60 +         if (i == 1) i = 2
61 |   if (i == 2) then; i = 3; end if;
62 | if (i == 4) then
63 |             i = 2

S105 [*] Incorrect indentation and semicolon found
  --> ./resources/test/fixtures/style/S105.f90:61:1
   |
59 |     i = i + 1
60 | if (i == 1) i = 2
61 |   if (i == 2) then; i = 3; end if;
   | ^^^^^^^^^^^^^^^^^^^^^^^^^^^^^^^^^^
62 | if (i == 4) then
63 |             i = 2
   |
help: Remove semicolons and indent correctly
58 | integer :: i
59 |     i = i + 1
60 | if (i == 1) i = 2
   -   if (i == 2) then; i = 3; end if;
61 +         if (i == 2) then
62 +             i = 3
63 +         end if
64 | if (i == 4) then
65 |             i = 2
66 | else if (i == 2) then

S105 [*] Incorrect indentation
  --> ./resources/test/fixtures/style/S105.f90:62:1
   |
60 | if (i == 1) i = 2
61 |   if (i == 2) then; i = 3; end if;
62 | if (i == 4) then
   | ^
63 |             i = 2
64 | else if (i == 2) then
   |
help: Replace with the correct number of spaces, 8
59 |     i = i + 1
60 | if (i == 1) i = 2
61 |   if (i == 2) then; i = 3; end if;
   - if (i == 4) then
62 +         if (i == 4) then
63 |             i = 2
64 | else if (i == 2) then
65 | i = 4

S105 [*] Incorrect indentation
  --> ./resources/test/fixtures/style/S105.f90:64:1
   |
62 | if (i == 4) then
63 |             i = 2
64 | else if (i == 2) then
   | ^
65 | i = 4
66 |       else
   |
help: Replace with the correct number of spaces, 8
61 |   if (i == 2) then; i = 3; end if;
62 | if (i == 4) then
63 |             i = 2
   - else if (i == 2) then
64 +         else if (i == 2) then
65 | i = 4
66 |       else
67 |     i = 1

S105 [*] Incorrect indentation
  --> ./resources/test/fixtures/style/S105.f90:65:1
   |
63 |             i = 2
64 | else if (i == 2) then
65 | i = 4
   | ^
66 |       else
67 |     i = 1
   |
help: Replace with the correct number of spaces, 8
62 | if (i == 4) then
63 |             i = 2
64 | else if (i == 2) then
   - i = 4
65 +         i = 4
66 |       else
67 |     i = 1
68 |             end if

S105 [*] Incorrect indentation
  --> ./resources/test/fixtures/style/S105.f90:66:1
   |
64 | else if (i == 2) then
65 | i = 4
66 |       else
   | ^^^^^^
67 |     i = 1
68 |             end if
   |
help: Replace with the correct number of spaces, 8
63 |             i = 2
64 | else if (i == 2) then
65 | i = 4
   -       else
66 +         else
67 |     i = 1
68 |             end if
69 |

S105 [*] Incorrect indentation
  --> ./resources/test/fixtures/style/S105.f90:67:1
   |
65 | i = 4
66 |       else
67 |     i = 1
   | ^^^^
68 |             end if
   |
help: Replace with the correct number of spaces, 12
64 | else if (i == 2) then
65 | i = 4
66 |       else
   -     i = 1
67 +             i = 1
68 |             end if
69 |
70 |         named_if: if (i == 1) then

S105 [*] Incorrect indentation
  --> ./resources/test/fixtures/style/S105.f90:68:1
   |
66 |       else
67 |     i = 1
68 |             end if
   | ^^^^^^^^^^^^
69 |
70 |         named_if: if (i == 1) then
   |
help: Replace with the correct number of spaces, 8
65 | i = 4
66 |       else
67 |     i = 1
   -             end if
68 +         end if
69 |
70 |         named_if: if (i == 1) then
71 |     i = i + 1

S105 [*] Incorrect indentation
  --> ./resources/test/fixtures/style/S105.f90:71:1
   |
70 |         named_if: if (i == 1) then
71 |     i = i + 1
   | ^^^^
72 |     end if
73 |   end subroutine if_statements
   |
help: Replace with the correct number of spaces, 12
68 |             end if
69 |
70 |         named_if: if (i == 1) then
   -     i = i + 1
71 +             i = i + 1
72 |     end if
73 |   end subroutine if_statements
74 |     function my_func()

S105 [*] Incorrect indentation
  --> ./resources/test/fixtures/style/S105.f90:72:1
   |
70 |         named_if: if (i == 1) then
71 |     i = i + 1
72 |     end if
   | ^^^^
73 |   end subroutine if_statements
74 |     function my_func()
   |
help: Replace with the correct number of spaces, 8
69 |
70 |         named_if: if (i == 1) then
71 |     i = i + 1
   -     end if
72 +         end if
73 |   end subroutine if_statements
74 |     function my_func()
75 |     integer :: i

S105 [*] Incorrect indentation
  --> ./resources/test/fixtures/style/S105.f90:73:1
   |
71 |     i = i + 1
72 |     end if
73 |   end subroutine if_statements
   | ^^
74 |     function my_func()
75 |     integer :: i
   |
help: Replace with the correct number of spaces, 4
70 |         named_if: if (i == 1) then
71 |     i = i + 1
72 |     end if
   -   end subroutine if_statements
73 +     end subroutine if_statements
74 |     function my_func()
75 |     integer :: i
76 |   end function

S105 [*] Incorrect indentation
  --> ./resources/test/fixtures/style/S105.f90:75:1
   |
73 |   end subroutine if_statements
74 |     function my_func()
75 |     integer :: i
   | ^^^^
76 |   end function
77 | end module mmod
   |
help: Replace with the correct number of spaces, 8
72 |     end if
73 |   end subroutine if_statements
74 |     function my_func()
   -     integer :: i
75 +         integer :: i
76 |   end function
77 | end module mmod
78 |

S105 [*] Incorrect indentation
  --> ./resources/test/fixtures/style/S105.f90:76:1
   |
74 |     function my_func()
75 |     integer :: i
76 |   end function
   | ^^
77 | end module mmod
   |
help: Replace with the correct number of spaces, 4
73 |   end subroutine if_statements
74 |     function my_func()
75 |     integer :: i
   -   end function
76 +     end function
77 | end module mmod
78 |
79 | submodule (mmod) msubmodule

S105 [*] Incorrect indentation
  --> ./resources/test/fixtures/style/S105.f90:81:1
   |
79 | submodule (mmod) msubmodule
80 | contains
81 |                 module function interfaced_function(i) result(x)
   | ^^^^^^^^^^^^^^^^
82 |         integer, intent(in) :: i
83 |         x = i
   |
help: Replace with the correct number of spaces, 4
78 |
79 | submodule (mmod) msubmodule
80 | contains
   -                 module function interfaced_function(i) result(x)
81 +     module function interfaced_function(i) result(x)
82 |         integer, intent(in) :: i
83 |         x = i
84 |       end function interfaced_function

S105 [*] Incorrect indentation
  --> ./resources/test/fixtures/style/S105.f90:84:1
   |
82 |         integer, intent(in) :: i
83 |         x = i
84 |       end function interfaced_function
   | ^^^^^^
85 | end submodule msubmodule
   |
help: Replace with the correct number of spaces, 4
81 |                 module function interfaced_function(i) result(x)
82 |         integer, intent(in) :: i
83 |         x = i
   -       end function interfaced_function
84 +     end function interfaced_function
85 | end submodule msubmodule
86 |
87 |

S105 [*] Incorrect indentation
  --> ./resources/test/fixtures/style/S105.f90:88:1
   |
88 |     !> my program
   | ^^^^
89 | program mprog
90 |   use mmod
   |
help: Replace with the correct number of spaces, 0
85 | end submodule msubmodule
86 |
87 |
   -     !> my program
88 + !> my program
89 | program mprog
90 |   use mmod
91 |     implicit none

S105 [*] Incorrect indentation
  --> ./resources/test/fixtures/style/S105.f90:90:1
   |
88 |     !> my program
89 | program mprog
90 |   use mmod
   | ^^
91 |     implicit none
   |
help: Replace with the correct number of spaces, 4
87 |
88 |     !> my program
89 | program mprog
   -   use mmod
90 +     use mmod
91 |     implicit none
92 |
93 |             print "Semicolon ; in string"

S105 [*] Incorrect indentation
  --> ./resources/test/fixtures/style/S105.f90:93:1
   |
91 |     implicit none
92 |
93 |             print "Semicolon ; in string"
   | ^^^^^^^^^^^^
94 |             print "Semicolon ; in string with ; not in string"; print "hello"
95 |             print "semicolon in a quote within a quote ';'"
   |
help: Replace with the correct number of spaces, 4
90 |   use mmod
91 |     implicit none
92 |
   -             print "Semicolon ; in string"
93 +     print "Semicolon ; in string"
94 |             print "Semicolon ; in string with ; not in string"; print "hello"
95 |             print "semicolon in a quote within a quote ';'"
96 |             print 'same as above but reversed quotes ";"'

S105 [*] Incorrect indentation and semicolon found
  --> ./resources/test/fixtures/style/S105.f90:94:1
   |
93 |             print "Semicolon ; in string"
94 |             print "Semicolon ; in string with ; not in string"; print "hello"
   | ^^^^^^^^^^^^^^^^^^^^^^^^^^^^^^^^^^^^^^^^^^^^^^^^^^^^^^^^^^^^^^^^^^^^^^^^^^^^^
95 |             print "semicolon in a quote within a quote ';'"
96 |             print 'same as above but reversed quotes ";"'
   |
help: Remove semicolons and indent correctly
91 |     implicit none
92 |
93 |             print "Semicolon ; in string"
   -             print "Semicolon ; in string with ; not in string"; print "hello"
94 +     print "Semicolon ; in string with ; not in string"
95 +     print "hello"
96 |             print "semicolon in a quote within a quote ';'"
97 |             print 'same as above but reversed quotes ";"'
98 |

S105 [*] Incorrect indentation
  --> ./resources/test/fixtures/style/S105.f90:95:1
   |
93 |             print "Semicolon ; in string"
94 |             print "Semicolon ; in string with ; not in string"; print "hello"
95 |             print "semicolon in a quote within a quote ';'"
   | ^^^^^^^^^^^^
96 |             print 'same as above but reversed quotes ";"'
   |
help: Replace with the correct number of spaces, 4
92 |
93 |             print "Semicolon ; in string"
94 |             print "Semicolon ; in string with ; not in string"; print "hello"
   -             print "semicolon in a quote within a quote ';'"
95 +     print "semicolon in a quote within a quote ';'"
96 |             print 'same as above but reversed quotes ";"'
97 |
98 | call do_something()

S105 [*] Incorrect indentation
  --> ./resources/test/fixtures/style/S105.f90:96:1
   |
94 |             print "Semicolon ; in string with ; not in string"; print "hello"
95 |             print "semicolon in a quote within a quote ';'"
96 |             print 'same as above but reversed quotes ";"'
   | ^^^^^^^^^^^^
97 |
98 | call do_something()
   |
help: Replace with the correct number of spaces, 4
93 |             print "Semicolon ; in string"
94 |             print "Semicolon ; in string with ; not in string"; print "hello"
95 |             print "semicolon in a quote within a quote ';'"
   -             print 'same as above but reversed quotes ";"'
96 +     print 'same as above but reversed quotes ";"'
97 |
98 | call do_something()
99 |

S105 [*] Incorrect indentation
   --> ./resources/test/fixtures/style/S105.f90:98:1
    |
 96 |             print 'same as above but reversed quotes ";"'
 97 |
 98 | call do_something()
    | ^
 99 |
100 | block
    |
help: Replace with the correct number of spaces, 4
95  |             print "semicolon in a quote within a quote ';'"
96  |             print 'same as above but reversed quotes ";"'
97  |
    - call do_something()
98  +     call do_something()
99  |
100 | block
101 |     real :: x = 3.142

S105 [*] Incorrect indentation
   --> ./resources/test/fixtures/style/S105.f90:100:1
    |
 98 | call do_something()
 99 |
100 | block
    | ^
101 |     real :: x = 3.142
102 |       print*, x
    |
help: Replace with the correct number of spaces, 4
97  |
98  | call do_something()
99  |
    - block
100 +     block
101 |     real :: x = 3.142
102 |       print*, x
103 |     y = x

S105 [*] Incorrect indentation
   --> ./resources/test/fixtures/style/S105.f90:101:1
    |
100 | block
101 |     real :: x = 3.142
    | ^^^^
102 |       print*, x
103 |     y = x
    |
help: Replace with the correct number of spaces, 8
98  | call do_something()
99  |
100 | block
    -     real :: x = 3.142
101 +         real :: x = 3.142
102 |       print*, x
103 |     y = x
104 | inner: block

S105 [*] Incorrect indentation
   --> ./resources/test/fixtures/style/S105.f90:102:1
    |
100 | block
101 |     real :: x = 3.142
102 |       print*, x
    | ^^^^^^
103 |     y = x
104 | inner: block
    |
help: Replace with the correct number of spaces, 8
99  |
100 | block
101 |     real :: x = 3.142
    -       print*, x
102 +         print*, x
103 |     y = x
104 | inner: block
105 |     real :: y = 12.1

S105 [*] Incorrect indentation
   --> ./resources/test/fixtures/style/S105.f90:103:1
    |
101 |     real :: x = 3.142
102 |       print*, x
103 |     y = x
    | ^^^^
104 | inner: block
105 |     real :: y = 12.1
    |
help: Replace with the correct number of spaces, 8
100 | block
101 |     real :: x = 3.142
102 |       print*, x
    -     y = x
103 +         y = x
104 | inner: block
105 |     real :: y = 12.1
106 |       print*, y

S105 [*] Incorrect indentation
   --> ./resources/test/fixtures/style/S105.f90:104:1
    |
102 |       print*, x
103 |     y = x
104 | inner: block
    | ^
105 |     real :: y = 12.1
106 |       print*, y
    |
help: Replace with the correct number of spaces, 8
101 |     real :: x = 3.142
102 |       print*, x
103 |     y = x
    - inner: block
104 +         inner: block
105 |     real :: y = 12.1
106 |       print*, y
107 | end block inner

S105 [*] Incorrect indentation
   --> ./resources/test/fixtures/style/S105.f90:105:1
    |
103 |     y = x
104 | inner: block
105 |     real :: y = 12.1
    | ^^^^
106 |       print*, y
107 | end block inner
    |
help: Replace with the correct number of spaces, 12
102 |       print*, x
103 |     y = x
104 | inner: block
    -     real :: y = 12.1
105 +             real :: y = 12.1
106 |       print*, y
107 | end block inner
108 |   end block

S105 [*] Incorrect indentation
   --> ./resources/test/fixtures/style/S105.f90:106:1
    |
104 | inner: block
105 |     real :: y = 12.1
106 |       print*, y
    | ^^^^^^
107 | end block inner
108 |   end block
    |
help: Replace with the correct number of spaces, 12
103 |     y = x
104 | inner: block
105 |     real :: y = 12.1
    -       print*, y
106 +             print*, y
107 | end block inner
108 |   end block
109 |

S105 [*] Incorrect indentation
   --> ./resources/test/fixtures/style/S105.f90:107:1
    |
105 |     real :: y = 12.1
106 |       print*, y
107 | end block inner
    | ^
108 |   end block
    |
help: Replace with the correct number of spaces, 8
104 | inner: block
105 |     real :: y = 12.1
106 |       print*, y
    - end block inner
107 +         end block inner
108 |   end block
109 |
110 |             contains

S105 [*] Incorrect indentation
   --> ./resources/test/fixtures/style/S105.f90:108:1
    |
106 |       print*, y
107 | end block inner
108 |   end block
    | ^^
109 |
110 |             contains
    |
help: Replace with the correct number of spaces, 4
105 |     real :: y = 12.1
106 |       print*, y
107 | end block inner
    -   end block
108 +     end block
109 |
110 |             contains
111 |

S105 [*] Incorrect indentation
   --> ./resources/test/fixtures/style/S105.f90:110:1
    |
108 |   end block
109 |
110 |             contains
    | ^^^^^^^^^^^^
111 |
112 |       subroutine select_cases
    |
help: Replace with the correct number of spaces, 0
107 | end block inner
108 |   end block
109 |
    -             contains
110 + contains
111 |
112 |       subroutine select_cases
113 |         integer :: i

S105 [*] Incorrect indentation
   --> ./resources/test/fixtures/style/S105.f90:112:1
    |
110 |             contains
111 |
112 |       subroutine select_cases
    | ^^^^^^
113 |         integer :: i
114 |         select case (i)
    |
help: Replace with the correct number of spaces, 4
109 |
110 |             contains
111 |
    -       subroutine select_cases
112 +     subroutine select_cases
113 |         integer :: i
114 |         select case (i)
115 |       case (1)

S105 [*] Incorrect indentation
   --> ./resources/test/fixtures/style/S105.f90:115:1
    |
113 |         integer :: i
114 |         select case (i)
115 |       case (1)
    | ^^^^^^
116 |           i = 2
117 |             case (2)
    |
help: Replace with the correct number of spaces, 8
112 |       subroutine select_cases
113 |         integer :: i
114 |         select case (i)
    -       case (1)
115 +         case (1)
116 |           i = 2
117 |             case (2)
118 |         i = 1

S105 [*] Incorrect indentation
   --> ./resources/test/fixtures/style/S105.f90:116:1
    |
114 |         select case (i)
115 |       case (1)
116 |           i = 2
    | ^^^^^^^^^^
117 |             case (2)
118 |         i = 1
    |
help: Replace with the correct number of spaces, 12
113 |         integer :: i
114 |         select case (i)
115 |       case (1)
    -           i = 2
116 +             i = 2
117 |             case (2)
118 |         i = 1
119 |             end select

S105 [*] Incorrect indentation
   --> ./resources/test/fixtures/style/S105.f90:117:1
    |
115 |       case (1)
116 |           i = 2
117 |             case (2)
    | ^^^^^^^^^^^^
118 |         i = 1
119 |             end select
    |
help: Replace with the correct number of spaces, 8
114 |         select case (i)
115 |       case (1)
116 |           i = 2
    -             case (2)
117 +         case (2)
118 |         i = 1
119 |             end select
120 |           i = 3

S105 [*] Incorrect indentation
   --> ./resources/test/fixtures/style/S105.f90:118:1
    |
116 |           i = 2
117 |             case (2)
118 |         i = 1
    | ^^^^^^^^
119 |             end select
120 |           i = 3
    |
help: Replace with the correct number of spaces, 12
115 |       case (1)
116 |           i = 2
117 |             case (2)
    -         i = 1
118 +             i = 1
119 |             end select
120 |           i = 3
121 |

S105 [*] Incorrect indentation
   --> ./resources/test/fixtures/style/S105.f90:119:1
    |
117 |             case (2)
118 |         i = 1
119 |             end select
    | ^^^^^^^^^^^^
120 |           i = 3
    |
help: Replace with the correct number of spaces, 8
116 |           i = 2
117 |             case (2)
118 |         i = 1
    -             end select
119 +         end select
120 |           i = 3
121 |
122 |   end subroutine select_cases

S105 [*] Incorrect indentation
   --> ./resources/test/fixtures/style/S105.f90:120:1
    |
118 |         i = 1
119 |             end select
120 |           i = 3
    | ^^^^^^^^^^
121 |
122 |   end subroutine select_cases
    |
help: Replace with the correct number of spaces, 8
117 |             case (2)
118 |         i = 1
119 |             end select
    -           i = 3
120 +         i = 3
121 |
122 |   end subroutine select_cases
123 |

S105 [*] Incorrect indentation
   --> ./resources/test/fixtures/style/S105.f90:122:1
    |
120 |           i = 3
121 |
122 |   end subroutine select_cases
    | ^^
123 |
124 |   function do_construct
    |
help: Replace with the correct number of spaces, 4
119 |             end select
120 |           i = 3
121 |
    -   end subroutine select_cases
122 +     end subroutine select_cases
123 |
124 |   function do_construct
125 |     integer :: i, j, x

S105 [*] Incorrect indentation
   --> ./resources/test/fixtures/style/S105.f90:124:1
    |
122 |   end subroutine select_cases
123 |
124 |   function do_construct
    | ^^
125 |     integer :: i, j, x
    |
help: Replace with the correct number of spaces, 4
121 |
122 |   end subroutine select_cases
123 |
    -   function do_construct
124 +     function do_construct
125 |     integer :: i, j, x
126 |
127 |       do i = 1, 10

S105 [*] Incorrect indentation
   --> ./resources/test/fixtures/style/S105.f90:125:1
    |
124 |   function do_construct
125 |     integer :: i, j, x
    | ^^^^
126 |
127 |       do i = 1, 10
    |
help: Replace with the correct number of spaces, 8
122 |   end subroutine select_cases
123 |
124 |   function do_construct
    -     integer :: i, j, x
125 +         integer :: i, j, x
126 |
127 |       do i = 1, 10
128 |   do j = i, 10

S105 [*] Incorrect indentation
   --> ./resources/test/fixtures/style/S105.f90:127:1
    |
125 |     integer :: i, j, x
126 |
127 |       do i = 1, 10
    | ^^^^^^
128 |   do j = i, 10
129 |     x = i * j
    |
help: Replace with the correct number of spaces, 8
124 |   function do_construct
125 |     integer :: i, j, x
126 |
    -       do i = 1, 10
127 +         do i = 1, 10
128 |   do j = i, 10
129 |     x = i * j
130 |   end do

S105 [*] Incorrect indentation
   --> ./resources/test/fixtures/style/S105.f90:128:1
    |
127 |       do i = 1, 10
128 |   do j = i, 10
    | ^^
129 |     x = i * j
130 |   end do
    |
help: Replace with the correct number of spaces, 12
125 |     integer :: i, j, x
126 |
127 |       do i = 1, 10
    -   do j = i, 10
128 +             do j = i, 10
129 |     x = i * j
130 |   end do
131 |       end do

S105 [*] Incorrect indentation
   --> ./resources/test/fixtures/style/S105.f90:129:1
    |
127 |       do i = 1, 10
128 |   do j = i, 10
129 |     x = i * j
    | ^^^^
130 |   end do
131 |       end do
    |
help: Replace with the correct number of spaces, 16
126 |
127 |       do i = 1, 10
128 |   do j = i, 10
    -     x = i * j
129 +                 x = i * j
130 |   end do
131 |       end do
132 |

S105 [*] Incorrect indentation
   --> ./resources/test/fixtures/style/S105.f90:130:1
    |
128 |   do j = i, 10
129 |     x = i * j
130 |   end do
    | ^^
131 |       end do
    |
help: Replace with the correct number of spaces, 12
127 |       do i = 1, 10
128 |   do j = i, 10
129 |     x = i * j
    -   end do
130 +             end do
131 |       end do
132 |
133 |           named_do: do i = 1, 10

S105 [*] Incorrect indentation
   --> ./resources/test/fixtures/style/S105.f90:131:1
    |
129 |     x = i * j
130 |   end do
131 |       end do
    | ^^^^^^
132 |
133 |           named_do: do i = 1, 10
    |
help: Replace with the correct number of spaces, 8
128 |   do j = i, 10
129 |     x = i * j
130 |   end do
    -       end do
131 +         end do
132 |
133 |           named_do: do i = 1, 10
134 |         print *, i

S105 [*] Incorrect indentation
   --> ./resources/test/fixtures/style/S105.f90:133:1
    |
131 |       end do
132 |
133 |           named_do: do i = 1, 10
    | ^^^^^^^^^^
134 |         print *, i
135 |           end do
    |
help: Replace with the correct number of spaces, 8
130 |   end do
131 |       end do
132 |
    -           named_do: do i = 1, 10
133 +         named_do: do i = 1, 10
134 |         print *, i
135 |           end do
136 |   end function do_construct

S105 [*] Incorrect indentation
   --> ./resources/test/fixtures/style/S105.f90:134:1
    |
133 |           named_do: do i = 1, 10
134 |         print *, i
    | ^^^^^^^^
135 |           end do
136 |   end function do_construct
    |
help: Replace with the correct number of spaces, 12
131 |       end do
132 |
133 |           named_do: do i = 1, 10
    -         print *, i
134 +             print *, i
135 |           end do
136 |   end function do_construct
137 |

S105 [*] Incorrect indentation
   --> ./resources/test/fixtures/style/S105.f90:135:1
    |
133 |           named_do: do i = 1, 10
134 |         print *, i
135 |           end do
    | ^^^^^^^^^^
136 |   end function do_construct
    |
help: Replace with the correct number of spaces, 8
132 |
133 |           named_do: do i = 1, 10
134 |         print *, i
    -           end do
135 +         end do
136 |   end function do_construct
137 |
138 |   subroutine associates

S105 [*] Incorrect indentation
   --> ./resources/test/fixtures/style/S105.f90:136:1
    |
134 |         print *, i
135 |           end do
136 |   end function do_construct
    | ^^
137 |
138 |   subroutine associates
    |
help: Replace with the correct number of spaces, 4
133 |           named_do: do i = 1, 10
134 |         print *, i
135 |           end do
    -   end function do_construct
136 +     end function do_construct
137 |
138 |   subroutine associates
139 |     integer :: i

S105 [*] Incorrect indentation
   --> ./resources/test/fixtures/style/S105.f90:138:1
    |
136 |   end function do_construct
137 |
138 |   subroutine associates
    | ^^
139 |     integer :: i
140 |   associate(x => i)
    |
help: Replace with the correct number of spaces, 4
135 |           end do
136 |   end function do_construct
137 |
    -   subroutine associates
138 +     subroutine associates
139 |     integer :: i
140 |   associate(x => i)
141 |   print *, x

S105 [*] Incorrect indentation
   --> ./resources/test/fixtures/style/S105.f90:139:1
    |
138 |   subroutine associates
139 |     integer :: i
    | ^^^^
140 |   associate(x => i)
141 |   print *, x
    |
help: Replace with the correct number of spaces, 8
136 |   end function do_construct
137 |
138 |   subroutine associates
    -     integer :: i
139 +         integer :: i
140 |   associate(x => i)
141 |   print *, x
142 |     end associate

S105 [*] Incorrect indentation
   --> ./resources/test/fixtures/style/S105.f90:140:1
    |
138 |   subroutine associates
139 |     integer :: i
140 |   associate(x => i)
    | ^^
141 |   print *, x
142 |     end associate
    |
help: Replace with the correct number of spaces, 8
137 |
138 |   subroutine associates
139 |     integer :: i
    -   associate(x => i)
140 +         associate(x => i)
141 |   print *, x
142 |     end associate
143 |

S105 [*] Incorrect indentation
   --> ./resources/test/fixtures/style/S105.f90:141:1
    |
139 |     integer :: i
140 |   associate(x => i)
141 |   print *, x
    | ^^
142 |     end associate
    |
help: Replace with the correct number of spaces, 12
138 |   subroutine associates
139 |     integer :: i
140 |   associate(x => i)
    -   print *, x
141 +             print *, x
142 |     end associate
143 |
144 |     named_associate: associate(x => i)

S105 [*] Incorrect indentation
   --> ./resources/test/fixtures/style/S105.f90:142:1
    |
140 |   associate(x => i)
141 |   print *, x
142 |     end associate
    | ^^^^
143 |
144 |     named_associate: associate(x => i)
    |
help: Replace with the correct number of spaces, 8
139 |     integer :: i
140 |   associate(x => i)
141 |   print *, x
    -     end associate
142 +         end associate
143 |
144 |     named_associate: associate(x => i)
145 |   print *, x

S105 [*] Incorrect indentation
   --> ./resources/test/fixtures/style/S105.f90:144:1
    |
142 |     end associate
143 |
144 |     named_associate: associate(x => i)
    | ^^^^
145 |   print *, x
146 |     end associate named_associate
    |
help: Replace with the correct number of spaces, 8
141 |   print *, x
142 |     end associate
143 |
    -     named_associate: associate(x => i)
144 +         named_associate: associate(x => i)
145 |   print *, x
146 |     end associate named_associate
147 |   end subroutine associates

S105 [*] Incorrect indentation
   --> ./resources/test/fixtures/style/S105.f90:145:1
    |
144 |     named_associate: associate(x => i)
145 |   print *, x
    | ^^
146 |     end associate named_associate
147 |   end subroutine associates
    |
help: Replace with the correct number of spaces, 12
142 |     end associate
143 |
144 |     named_associate: associate(x => i)
    -   print *, x
145 +             print *, x
146 |     end associate named_associate
147 |   end subroutine associates
148 |

S105 [*] Incorrect indentation
   --> ./resources/test/fixtures/style/S105.f90:146:1
    |
144 |     named_associate: associate(x => i)
145 |   print *, x
146 |     end associate named_associate
    | ^^^^
147 |   end subroutine associates
    |
help: Replace with the correct number of spaces, 8
143 |
144 |     named_associate: associate(x => i)
145 |   print *, x
    -     end associate named_associate
146 +         end associate named_associate
147 |   end subroutine associates
148 |
149 | subroutine labels(x)

S105 [*] Incorrect indentation
   --> ./resources/test/fixtures/style/S105.f90:147:1
    |
145 |   print *, x
146 |     end associate named_associate
147 |   end subroutine associates
    | ^^
148 |
149 | subroutine labels(x)
    |
help: Replace with the correct number of spaces, 4
144 |     named_associate: associate(x => i)
145 |   print *, x
146 |     end associate named_associate
    -   end subroutine associates
147 +     end subroutine associates
148 |
149 | subroutine labels(x)
150 | integer, intent(inout) :: x

S105 [*] Incorrect indentation
   --> ./resources/test/fixtures/style/S105.f90:149:1
    |
147 |   end subroutine associates
148 |
149 | subroutine labels(x)
    | ^
150 | integer, intent(inout) :: x
151 | 20        x = 3
    |
help: Replace with the correct number of spaces, 4
146 |     end associate named_associate
147 |   end subroutine associates
148 |
    - subroutine labels(x)
149 +     subroutine labels(x)
150 | integer, intent(inout) :: x
151 | 20        x = 3
152 | x = 1;20   x = 4

S105 [*] Incorrect indentation
   --> ./resources/test/fixtures/style/S105.f90:150:1
    |
149 | subroutine labels(x)
150 | integer, intent(inout) :: x
    | ^
151 | 20        x = 3
152 | x = 1;20   x = 4
    |
help: Replace with the correct number of spaces, 8
147 |   end subroutine associates
148 |
149 | subroutine labels(x)
    - integer, intent(inout) :: x
150 +         integer, intent(inout) :: x
151 | 20        x = 3
152 | x = 1;20   x = 4
153 | end subroutine labels

S105 [*] Incorrect indentation
   --> ./resources/test/fixtures/style/S105.f90:151:1
    |
149 | subroutine labels(x)
150 | integer, intent(inout) :: x
151 | 20        x = 3
    | ^^^^^^^^^^
152 | x = 1;20   x = 4
153 | end subroutine labels
    |
help: Replace with correct indentation
148 |
149 | subroutine labels(x)
150 | integer, intent(inout) :: x
    - 20        x = 3
151 + 20      x = 3
152 | x = 1;20   x = 4
153 | end subroutine labels
154 |   end program mprog

S105 [*] Incorrect indentation and semicolon found
   --> ./resources/test/fixtures/style/S105.f90:152:1
    |
150 | integer, intent(inout) :: x
151 | 20        x = 3
152 | x = 1;20   x = 4
    | ^^^^^^^^^^^^^^^^
153 | end subroutine labels
154 |   end program mprog
    |
help: Remove semicolons and indent correctly
149 | subroutine labels(x)
150 | integer, intent(inout) :: x
151 | 20        x = 3
    - x = 1;20   x = 4
152 +         x = 1
153 + 20      x = 4
154 | end subroutine labels
155 |   end program mprog

S105 [*] Incorrect indentation
   --> ./resources/test/fixtures/style/S105.f90:153:1
    |
151 | 20        x = 3
152 | x = 1;20   x = 4
153 | end subroutine labels
    | ^
154 |   end program mprog
    |
help: Replace with the correct number of spaces, 4
150 | integer, intent(inout) :: x
151 | 20        x = 3
152 | x = 1;20   x = 4
    - end subroutine labels
153 +     end subroutine labels
154 |   end program mprog

S105 [*] Incorrect indentation
   --> ./resources/test/fixtures/style/S105.f90:154:1
    |
152 | x = 1;20   x = 4
153 | end subroutine labels
154 |   end program mprog
    | ^^
    |
help: Replace with the correct number of spaces, 0
151 | 20        x = 3
152 | x = 1;20   x = 4
153 | end subroutine labels
    -   end program mprog
154 + end program mprog
