---
source: fortitude/src/rules/obsolescent/mod.rs
expression: diagnostics
---
./resources/test/fixtures/obsolescent/OB041.f90:2:5: OB041 computed go to statements are obsolescent, use a select case statement
  |
1 | program test
2 |     goto (10, 20, 30) M
  |     ^^^^^^^^^^^^^^^^^^^ OB041
3 |     go to (10, 20, 30) M
4 |     goto (10, 20, 30) ISAVE(1)
  |

./resources/test/fixtures/obsolescent/OB041.f90:3:5: OB041 computed go to statements are obsolescent, use a select case statement
  |
1 | program test
2 |     goto (10, 20, 30) M
3 |     go to (10, 20, 30) M
  |     ^^^^^^^^^^^^^^^^^^^^ OB041
4 |     goto (10, 20, 30) ISAVE(1)
5 |     go to (10, 20, 30) ISAVE(1)
  |

./resources/test/fixtures/obsolescent/OB041.f90:4:5: OB041 computed go to statements are obsolescent, use a select case statement
  |
2 |     goto (10, 20, 30) M
3 |     go to (10, 20, 30) M
4 |     goto (10, 20, 30) ISAVE(1)
  |     ^^^^^^^^^^^^^^^^^^^^^^^^^^ OB041
5 |     go to (10, 20, 30) ISAVE(1)
6 |     goto (10) ISAVE(1)
  |

./resources/test/fixtures/obsolescent/OB041.f90:5:5: OB041 computed go to statements are obsolescent, use a select case statement
  |
3 |     go to (10, 20, 30) M
4 |     goto (10, 20, 30) ISAVE(1)
5 |     go to (10, 20, 30) ISAVE(1)
  |     ^^^^^^^^^^^^^^^^^^^^^^^^^^^ OB041
6 |     goto (10) ISAVE(1)
7 |     go to (10) ISAVE(1)
  |

./resources/test/fixtures/obsolescent/OB041.f90:6:5: OB041 computed go to statements are obsolescent, use a select case statement
  |
4 |     goto (10, 20, 30) ISAVE(1)
5 |     go to (10, 20, 30) ISAVE(1)
6 |     goto (10) ISAVE(1)
  |     ^^^^^^^^^^^^^^^^^^ OB041
7 |     go to (10) ISAVE(1)
8 |     goto 4
  |

./resources/test/fixtures/obsolescent/OB041.f90:7:5: OB041 computed go to statements are obsolescent, use a select case statement
  |
5 |     go to (10, 20, 30) ISAVE(1)
6 |     goto (10) ISAVE(1)
7 |     go to (10) ISAVE(1)
  |     ^^^^^^^^^^^^^^^^^^^ OB041
8 |     goto 4
9 |     go to 4
  |
